[    0.1s] 학습 대상 피처 221열 (manifest chemistry & not exclude_by_default)
[    0.3s] --- 학습 대상 피처의 노선 분해 ---
[    0.3s]   L3                 98열
[    0.3s]   L1                 52열
[    0.3s]   L2                 42열
[    0.3s]   L2L3결합             28열
[    0.3s]   미판정                 1열
[    0.3s] --- 학습 미사용/금지 ---
[    0.3s]   미사용               248열
[    0.3s]   금지_라벨공파생           54열
[    0.3s] 미판정 1열: ['ph_best']
[    0.3s] arm L1단독             52열
[    0.3s] arm L2단독             42열
[    0.3s] arm L3단독             98열
[    0.3s] arm L2+결합            70열
[    0.3s] arm L3+결합           126열
[    0.3s] arm L2+L1            94열
[    0.3s] arm L2+L3           140열
[    0.3s] arm 전체_노선혼합         220열
[    0.3s] 완료 → 04_모델산출물/v8_공통/피처노선_판정.csv / 피처노선_arm.json
