[    0.0s] === 노선2 L2단독 arm 피처 정리 대조 ===
[    0.0s] 규약: 관할 EU_CLP · 결측 native_복원 · CT_권고 · 공통폴드 · 학습폴드내 중첩 3-fold Youden-J τ(+고정0.5 대조) · 보정 AUC 게이트 0.7 · 층 5종
[   15.2s] CT A0 == 디스크 / 커버리지 == 검증값 — 전처리 드리프트 없음
[   15.2s] 결측 복원 대상: ['f_pct_surf_total', 'f_surf_anionic_nonionic'] × 조성미상 281행 = 562셀 (native_복원 규약에만 적용)
[   15.2s] L2단독 42열 — lib_model.FEAT_DROP 11열이 모두 이 arm 안에 있다
[   15.2s] 중복 4쌍 값 동일성 재확인(결측 위치까지): ct_eye_ord=f_ct_eye_ord · ct_skin_ord=f_ct_skin_ord · ct_sens_ord=f_ct_sens_ord · f_pct_active=f_pct_active_presumed
[   15.2s] ct_not_applicable 값분포 {0.0: 1649, 1.0: 26} · 최빈 98.45%
[   15.2s]   ① L2단독_원본              42열 (제외 0)
[   15.2s]   ② 중복쌍정리                38열 (제외 4)
[   15.2s]   ③ +죽은열제외               37열 (제외 5)
[   15.2s]   ④ +감작CT제외              31열 (제외 11)
[   15.2s]   ⑤ 감작7열단독제외(§5-3 대조)    35열 (제외 7)
[   45.5s]   eye  ① L2단독_원본              42열 AUC=0.7265±0.0100 보정=0.6580±0.0110[게이트 미달] MCC=0.3422 BA=0.6738 τ=0.491 | 0.5대조 MCC=0.3412
[   45.5s]        └ 층 문서독립           n= 608 p=0.191 AUC=0.6653 MCC=0.2114 BA=0.6212
[   45.5s]        └ 층 문서공유_분류절       n= 330 p=0.754 AUC=0.6340 MCC=0.1497 BA=0.5828
[   45.5s]        └ 층 문서공유_11절       n= 106 p=0.198 AUC=0.6968 MCC=0.2770 BA=0.6610
[   75.8s]   eye  ② 중복쌍정리                38열 AUC=0.7275±0.0080 보정=0.6588±0.0089[게이트 미달] MCC=0.3401 BA=0.6735 τ=0.487 | 0.5대조 MCC=0.3455
[   75.8s]        └ 층 문서독립           n= 608 p=0.191 AUC=0.6659 MCC=0.2075 BA=0.6204
[   75.8s]        └ 층 문서공유_분류절       n= 330 p=0.754 AUC=0.6351 MCC=0.1457 BA=0.5798
[   75.8s]        └ 층 문서공유_11절       n= 106 p=0.198 AUC=0.6989 MCC=0.2951 BA=0.6742
[  105.8s]   eye  ③ +죽은열제외               37열 AUC=0.7297±0.0094 보정=0.6598±0.0118[게이트 미달] MCC=0.3409 BA=0.6736 τ=0.483 | 0.5대조 MCC=0.3480
[  105.8s]        └ 층 문서독립           n= 608 p=0.191 AUC=0.6675 MCC=0.2152 BA=0.6251
[  105.8s]        └ 층 문서공유_분류절       n= 330 p=0.754 AUC=0.6339 MCC=0.1453 BA=0.5794
[  105.8s]        └ 층 문서공유_11절       n= 106 p=0.198 AUC=0.7035 MCC=0.2888 BA=0.6682
[  135.7s]   eye  ④ +감작CT제외              31열 AUC=0.7114±0.0082 보정=0.6510±0.0104[게이트 미달] MCC=0.2792 BA=0.6430 τ=0.478 | 0.5대조 MCC=0.2842
[  135.7s]        └ 층 문서독립           n= 608 p=0.191 AUC=0.6611 MCC=0.1668 BA=0.6004
[  135.7s]        └ 층 문서공유_분류절       n= 330 p=0.754 AUC=0.6207 MCC=0.1342 BA=0.5743
[  135.7s]        └ 층 문서공유_11절       n= 106 p=0.198 AUC=0.6694 MCC=0.1899 BA=0.6151
[  165.6s]   eye  ⑤ 감작7열단독제외(§5-3 대조)    35열 AUC=0.7078±0.0082 보정=0.6469±0.0109[게이트 미달] MCC=0.2799 BA=0.6435 τ=0.464 | 0.5대조 MCC=0.2789
[  165.6s]        └ 층 문서독립           n= 608 p=0.191 AUC=0.6561 MCC=0.1706 BA=0.6033
[  165.6s]        └ 층 문서공유_분류절       n= 330 p=0.754 AUC=0.6185 MCC=0.1331 BA=0.5730
[  165.6s]        └ 층 문서공유_11절       n= 106 p=0.198 AUC=0.6708 MCC=0.2370 BA=0.6449
[  195.7s]   skin ① L2단독_원본              42열 AUC=0.7015±0.0023 보정=0.6470±0.0034[게이트 미달] MCC=0.2797 BA=0.6465 τ=0.446 | 0.5대조 MCC=0.2976
[  195.7s]        └ 층 문서독립           n= 544 p=0.184 AUC=0.6530 MCC=0.1403 BA=0.5819
[  195.7s]        └ 층 문서공유_분류절       n= 421 p=0.575 AUC=0.6411 MCC=0.2109 BA=0.6028
[  195.7s]        └ 층 문서공유_11절       n=  94 p=0.149 AUC=0.6377 MCC=0.1460 BA=0.5995
[  226.0s]   skin ② 중복쌍정리                38열 AUC=0.7030±0.0032 보정=0.6474±0.0054[게이트 미달] MCC=0.2811 BA=0.6470 τ=0.448 | 0.5대조 MCC=0.3003
[  226.0s]        └ 층 문서독립           n= 544 p=0.184 AUC=0.6504 MCC=0.1250 BA=0.5725
[  226.0s]        └ 층 문서공유_분류절       n= 421 p=0.575 AUC=0.6449 MCC=0.2243 BA=0.6089
[  226.0s]        └ 층 문서공유_11절       n=  94 p=0.149 AUC=0.6239 MCC=0.1058 BA=0.5721
[  256.2s]   skin ③ +죽은열제외               37열 AUC=0.7014±0.0028 보정=0.6461±0.0058[게이트 미달] MCC=0.2864 BA=0.6498 τ=0.454 | 0.5대조 MCC=0.2906
[  256.2s]        └ 층 문서독립           n= 544 p=0.184 AUC=0.6510 MCC=0.1400 BA=0.5807
[  256.2s]        └ 층 문서공유_분류절       n= 421 p=0.575 AUC=0.6418 MCC=0.2206 BA=0.6074
[  256.2s]        └ 층 문서공유_11절       n=  94 p=0.149 AUC=0.6213 MCC=0.1199 BA=0.5818
[  286.6s]   skin ④ +감작CT제외              31열 AUC=0.6999±0.0039 보정=0.6388±0.0037[게이트 미달] MCC=0.2802 BA=0.6463 τ=0.456 | 0.5대조 MCC=0.2960
[  286.6s]        └ 층 문서독립           n= 544 p=0.184 AUC=0.6260 MCC=0.0918 BA=0.5529
[  286.6s]        └ 층 문서공유_분류절       n= 421 p=0.575 AUC=0.6527 MCC=0.2498 BA=0.6224
[  286.6s]        └ 층 문서공유_11절       n=  94 p=0.149 AUC=0.6096 MCC=0.1211 BA=0.5804
[  316.8s]   skin ⑤ 감작7열단독제외(§5-3 대조)    35열 AUC=0.6981±0.0038 보정=0.6372±0.0031[게이트 미달] MCC=0.2682 BA=0.6402 τ=0.454 | 0.5대조 MCC=0.2882
[  316.8s]        └ 층 문서독립           n= 544 p=0.184 AUC=0.6264 MCC=0.0919 BA=0.5535
[  316.8s]        └ 층 문서공유_분류절       n= 421 p=0.575 AUC=0.6489 MCC=0.2292 BA=0.6122
[  316.8s]        └ 층 문서공유_11절       n=  94 p=0.149 AUC=0.6157 MCC=0.1277 BA=0.5850
[  316.8s] 프로토콜 복제 검증 통과: 42열 행이 지표_노선2.csv 대표 셀과 102개 지표 전부 일치 (허용오차 5e-5)
[  316.8s] --- 단계별 증분 (직전 단계 대비) ---
[  316.8s]   ※ eye  ④ +감작CT제외              MCC__J_중첩CV    0.3409 → 0.2792 (-0.0617, ±0.0460) → 유의한 손실
[  316.8s]   ※ eye  ④ +감작CT제외              BA__J_중첩CV     0.6736 → 0.6430 (-0.0306, ±0.0236) → 유의한 손실
[  316.8s]   ※ eye  ④ +감작CT제외              MCC__고정0.5     0.3480 → 0.2842 (-0.0638, ±0.0362) → 유의한 손실
[  316.8s]   ※ eye  ④ +감작CT제외              BA__고정0.5      0.6760 → 0.6447 (-0.0313, ±0.0174) → 유의한 손실
[  316.8s] 판정 54건 중 잡음 범위 50건 · 범위 밖 4건
[  316.8s] --- 최종 (42열 → 31열 전부정리) ---
[  316.8s]   eye  roc_auc        0.7265 → 0.7114 (-0.0151, ±0.0200) → 잡음 범위
[  316.8s]   eye  roc_auc_보정     0.6580 → 0.6510 (-0.0070, ±0.0220) → 잡음 범위
[  316.8s]   eye  pr_auc         0.6251 → 0.6137 (-0.0114, ±0.0290) → 잡음 범위
[  316.8s]   eye  MCC__J_중첩CV    0.3422 → 0.2792 (-0.0630, ±0.0460) → 유의한 손실
[  316.8s]   eye  BA__J_중첩CV     0.6738 → 0.6430 (-0.0308, ±0.0236) → 유의한 손실
[  316.8s]   eye  재현율__J_중첩CV    0.6233 → 0.6249 (+0.0016, ±0.1064) → 잡음 범위
[  316.8s]   eye  특이도__J_중첩CV    0.7243 → 0.6611 (-0.0632, ±0.1132) → 잡음 범위
[  316.8s]   eye  MCC__고정0.5     0.3412 → 0.2842 (-0.0570, ±0.0386) → 유의한 손실
[  316.8s]   eye  BA__고정0.5      0.6727 → 0.6447 (-0.0280, ±0.0198) → 유의한 손실
[  316.8s]   eye  게이트(0.7) 보정 AUC 0.6580[미달] → 0.6510[미달]
[  316.8s]   skin roc_auc        0.7015 → 0.6999 (-0.0016, ±0.0078) → 잡음 범위
[  316.8s]   skin roc_auc_보정     0.6470 → 0.6388 (-0.0082, ±0.0074) → 유의한 손실
[  316.8s]   skin pr_auc         0.5241 → 0.5339 (+0.0098, ±0.0256) → 잡음 범위
[  316.8s]   skin MCC__J_중첩CV    0.2797 → 0.2802 (+0.0005, ±0.0296) → 잡음 범위
[  316.8s]   skin BA__J_중첩CV     0.6465 → 0.6463 (-0.0002, ±0.0132) → 잡음 범위
[  316.8s]   skin 재현율__J_중첩CV    0.6287 → 0.6152 (-0.0135, ±0.0676) → 잡음 범위
[  316.8s]   skin 특이도__J_중첩CV    0.6643 → 0.6774 (+0.0131, ±0.0660) → 잡음 범위
[  316.8s]   skin MCC__고정0.5     0.2976 → 0.2960 (-0.0016, ±0.0264) → 잡음 범위
[  316.8s]   skin BA__고정0.5      0.6525 → 0.6516 (-0.0009, ±0.0128) → 잡음 범위
[  316.8s]   skin 게이트(0.7) 보정 AUC 0.6470[미달] → 0.6388[미달]
[  316.8s] --- §5-3 대조 (42열 → 35열, 감작 7열만 제외) ---
[  316.8s]   eye  roc_auc        0.7265 → 0.7078 (-0.0187, ±0.0200) → 잡음 범위
[  316.8s]   eye  roc_auc_보정     0.6580 → 0.6469 (-0.0111, ±0.0220) → 잡음 범위
[  316.8s]   eye  pr_auc         0.6251 → 0.6129 (-0.0122, ±0.0262) → 잡음 범위
[  316.8s]   eye  MCC__J_중첩CV    0.3422 → 0.2799 (-0.0623, ±0.0406) → 유의한 손실
[  316.8s]   eye  BA__J_중첩CV     0.6738 → 0.6435 (-0.0303, ±0.0220) → 유의한 손실
[  316.8s]   eye  재현율__J_중첩CV    0.6233 → 0.6347 (+0.0114, ±0.1324) → 잡음 범위
[  316.8s]   eye  특이도__J_중첩CV    0.7243 → 0.6523 (-0.0720, ±0.1160) → 잡음 범위
[  316.8s]   eye  MCC__고정0.5     0.3412 → 0.2789 (-0.0623, ±0.0386) → 유의한 손실
[  316.8s]   eye  BA__고정0.5      0.6727 → 0.6419 (-0.0308, ±0.0198) → 유의한 손실
[  316.8s]   eye  게이트(0.7) 보정 AUC 0.6580[미달] → 0.6469[미달]
[  316.8s]   skin roc_auc        0.7015 → 0.6981 (-0.0034, ±0.0076) → 잡음 범위
[  316.8s]   skin roc_auc_보정     0.6470 → 0.6372 (-0.0098, ±0.0068) → 유의한 손실
[  316.8s]   skin pr_auc         0.5241 → 0.5311 (+0.0070, ±0.0260) → 잡음 범위
[  316.8s]   skin MCC__J_중첩CV    0.2797 → 0.2682 (-0.0115, ±0.0354) → 잡음 범위
[  316.8s]   skin BA__J_중첩CV     0.6465 → 0.6402 (-0.0063, ±0.0168) → 잡음 범위
[  316.8s]   skin 재현율__J_중첩CV    0.6287 → 0.6135 (-0.0152, ±0.0676) → 잡음 범위
[  316.8s]   skin 특이도__J_중첩CV    0.6643 → 0.6669 (+0.0026, ±0.0682) → 잡음 범위
[  316.8s]   skin MCC__고정0.5     0.2976 → 0.2882 (-0.0094, ±0.0264) → 잡음 범위
[  316.8s]   skin BA__고정0.5      0.6525 → 0.6480 (-0.0045, ±0.0130) → 잡음 범위
[  316.8s]   skin 게이트(0.7) 보정 AUC 0.6470[미달] → 0.6372[미달]
[  316.8s] --- 중요도 (전체 학습행 · 시드 5개 평균) ---
[  323.0s] 중요도 산출 재현 확인: 기존 v8_리포트/피처중요도_L2단독42.csv 와 최대 차이 0.00e+00 (< 1e-9)
[  323.0s] [42열] 감작 열 7개 중요도 합 — eye 14.2% · skin 18.2%
[  323.0s] [42열] 묶음별 합(%)
                 eye   skin  열수
묶음                             
① 규칙 판정 (원-핫)   7.42   7.35  11
② 규칙 판정 (서수)   11.55  11.79   6
③ 가산식 원값       36.85  35.97   8
④ 역할별 농도       33.91  34.38  13
⑤ 조성 다양성       10.11  10.28   2
⑥ 이진 플래그        0.17   0.23   2
[  323.0s] [31열] 감작 열 0개 중요도 합 — eye 0.0% · skin 0.0%
[  323.0s] [31열] 묶음별 합(%)
                 eye   skin  열수
묶음                             
① 규칙 판정 (원-핫)   7.39   5.65   8
② 규칙 판정 (서수)    5.78   5.10   2
③ 가산식 원값       36.83  33.88   6
④ 역할별 농도       36.80  40.72  12
⑤ 조성 다양성       13.05  14.32   2
⑥ 이진 플래그        0.15   0.32   1
[  323.0s] [31열] eye 상위 10: f_ct_eye_add 12.2%, f_max_pct 11.7%, f_pct_active_presumed 11.0%, f_ct_eye_s1 8.0%, f_pct_unknown 6.8%, f_shannon 6.7%, f_simpson 6.4%, f_ct_skin_add 5.7%, f_ct_eye_s2 5.1%, f_ct_skin_s2 4.3%
[  323.0s] [31열] skin 상위 10: f_max_pct 13.1%, f_pct_active_presumed 12.8%, f_ct_skin_add 8.4%, f_ct_eye_add 8.2%, f_shannon 7.3%, f_simpson 7.0%, f_pct_unknown 6.8%, f_ct_skin_s2 5.2%, f_ct_eye_s2 4.9%, f_ct_eye_s1 4.7%
[  323.0s] 묶음 이동
           묶음  열수_42  눈_42  눈_열당_42  피부_42  피부_열당_42  열수_31  눈_31  눈_열당_31  피부_31  피부_열당_31
① 규칙 판정 (원-핫)     11  7.42     0.67   7.35      0.67      8  7.39     0.92   5.65      0.71
 ② 규칙 판정 (서수)      6 11.55     1.93  11.79      1.96      2  5.78     2.89   5.10      2.55
     ③ 가산식 원값      8 36.85     4.61  35.97      4.50      6 36.83     6.14  33.88      5.65
     ④ 역할별 농도     13 33.91     2.61  34.38      2.64     12 36.80     3.07  40.72      3.39
     ⑤ 조성 다양성      2 10.11     5.05  10.28      5.14      2 13.05     6.53  14.32      7.16
     ⑥ 이진 플래그      2  0.17     0.09   0.23      0.12      1  0.15     0.15   0.32      0.32
[  323.0s] arm 열 수 원본 → 제안: L2단독 42→31(측정), L2+결합 70→59(미측정), L2+L1 94→83(미측정), L2+L3 140→129(미측정), 전체_노선혼합 220→209(미측정)
[  323.0s] 완료 → 04_모델산출물/v8_노선2정리/ 노선2정리_대조.csv · 노선2정리_판정.csv · 노선2정리_최종대조.csv · 피처중요도_L2단독{42_재현,31}.csv · 중요도_묶음이동.csv · 피처노선_arm_정리_제안.json · 요약.json
