[    0.0s] === A0 칸 결측을 규제 DB 값으로 채운 효과 ===
[   19.9s] CT A0 == 디스크 / 커버리지 == 검증값 — 전처리 드리프트 없음
[   19.9s] 결측 복원 대상: ['f_pct_surf_total', 'f_surf_anionic_nonionic'] × 조성미상 281행 = 562셀 (native_복원 규약에만 적용)
[   19.9s] 오버레이 적용 958 성분행 (오버레이 전체 958행)
[   19.9s]   구성 A0채움_전체               eye  채움  1632 = NC 1108 + 유해 524 · 정보원 이번조사 465 / v6기존 1167
[   19.9s]   구성 A0채움_전체               skin 채움  1660 = NC 1300 + 유해 360 · 정보원 이번조사 493 / v6기존 1167
[   19.9s]   구성 A0채움_유해만              eye  채움   524 = NC 0 + 유해 524 · 정보원 이번조사 134 / v6기존 390
[   19.9s]   구성 A0채움_유해만              skin 채움   360 = NC 0 + 유해 360 · 정보원 이번조사 119 / v6기존 241
[   19.9s]   구성 A0채움_tier표기_annexvi   eye  채움  1067 = NC 777 + 유해 290 · 정보원 이번조사 86 / v6기존 981
[   19.9s]   구성 A0채움_tier표기_annexvi   skin 채움  1144 = NC 926 + 유해 218 · 정보원 이번조사 70 / v6기존 1074
[   22.4s] 반영후: A0 채움 {'eye': 0, 'skin': 0} · 성분커버리지 {'eye': 0.3516, 'skin': 0.3156} · 판정행 {'eye': 1027, 'skin': 941}
[   24.9s] 반영후_NC유지: A0 채움 {'eye': 0, 'skin': 0} · 성분커버리지 {'eye': 0.5934, 'skin': 0.5976} · 판정행 {'eye': 1397, 'skin': 1399}
[   27.3s] A0채움_전체: A0 채움 {'eye': 1632, 'skin': 1660} · 성분커버리지 {'eye': 0.5671, 'skin': 0.5649} · 판정행 {'eye': 1368, 'skin': 1367}
[   29.8s] A0채움_유해만: A0 채움 {'eye': 524, 'skin': 360} · 성분커버리지 {'eye': 0.3516, 'skin': 0.3156} · 판정행 {'eye': 1027, 'skin': 941}
[   32.3s] A0채움_tier표기_annexvi: A0 채움 {'eye': 1067, 'skin': 1144} · 성분커버리지 {'eye': 0.5062, 'skin': 0.4982} · 판정행 {'eye': 1300, 'skin': 1293}
[   36.6s] 반영전: 성분커버리지 {'eye': 0.3301, 'skin': 0.2963} · 판정행 {'eye': 982, 'skin': 900}
[   36.7s] arm 항등 검사 통과 — `A0채움_유해만` 은 `반영후` 와 항등(정의상 무연산), 나머지 arm 은 모두 상이
[   72.8s]   eye  반영전                커버리지=0.330 pooled AUC=0.7265±0.0100 보정 AUC=0.6580 MCC=0.3422 BA=0.6738
[  105.8s]   eye  반영후                커버리지=0.352 pooled AUC=0.7261±0.0069 보정 AUC=0.6532 MCC=0.3519 BA=0.6794
[  137.1s]   eye  반영후_NC유지           커버리지=0.593 pooled AUC=0.7334±0.0054 보정 AUC=0.6629 MCC=0.3415 BA=0.6739
[  168.4s]   eye  A0채움_전체            커버리지=0.567 pooled AUC=0.7285±0.0063 보정 AUC=0.6549 MCC=0.3439 BA=0.6758
[  199.9s]   eye  A0채움_유해만           커버리지=0.352 pooled AUC=0.7261±0.0069 보정 AUC=0.6532 MCC=0.3519 BA=0.6794
[  231.0s]   eye  A0채움_tier표기_annexvi 커버리지=0.506 pooled AUC=0.7348±0.0035 보정 AUC=0.6629 MCC=0.3433 BA=0.6750
[  262.2s]   skin 반영전                커버리지=0.296 pooled AUC=0.7015±0.0023 보정 AUC=0.6470 MCC=0.2797 BA=0.6465
[  292.6s]   skin 반영후                커버리지=0.316 pooled AUC=0.7054±0.0039 보정 AUC=0.6497 MCC=0.2742 BA=0.6436
[  322.9s]   skin 반영후_NC유지           커버리지=0.598 pooled AUC=0.7125±0.0033 보정 AUC=0.6520 MCC=0.3151 BA=0.6657
[  353.3s]   skin A0채움_전체            커버리지=0.565 pooled AUC=0.7107±0.0037 보정 AUC=0.6520 MCC=0.2990 BA=0.6577
[  383.6s]   skin A0채움_유해만           커버리지=0.316 pooled AUC=0.7054±0.0039 보정 AUC=0.6497 MCC=0.2742 BA=0.6436
[  413.9s]   skin A0채움_tier표기_annexvi 커버리지=0.498 pooled AUC=0.7089±0.0007 보정 AUC=0.6527 MCC=0.2996 BA=0.6583
[  413.9s] --- 판정 ---
[  413.9s]   eye  반영후                vs 반영전          roc_auc      0.7265 → 0.7261 (-0.0004, ±0.0086) → 시드 재현 범위 안 — 변화 없음
[  413.9s]   eye  반영후                vs 반영전          roc_auc_보정   0.6580 → 0.6532 (-0.0048, ±0.0097) → 시드 재현 범위 안 — 변화 없음
[  413.9s]   eye  반영후                vs 반영전          MCC          0.3422 → 0.3519 (+0.0097, ±0.0249) → 시드 재현 범위 안 — 변화 없음
[  413.9s]   eye  반영후                vs 반영전          BA           0.6738 → 0.6794 (+0.0056, ±0.0091) → 시드 재현 범위 안 — 변화 없음
[  413.9s]   eye  반영후_NC유지           vs 반영후          roc_auc      0.7261 → 0.7334 (+0.0073, ±0.0084) → 시드 재현 범위 안 — 변화 없음
[  413.9s]   eye  반영후_NC유지           vs 반영후          roc_auc_보정   0.6532 → 0.6629 (+0.0097, ±0.0120) → 시드 재현 범위 안 — 변화 없음
[  413.9s]   eye  반영후_NC유지           vs 반영후          MCC          0.3519 → 0.3415 (-0.0104, ±0.0295) → 시드 재현 범위 안 — 변화 없음
[  413.9s]   eye  반영후_NC유지           vs 반영후          BA           0.6794 → 0.6739 (-0.0055, ±0.0143) → 시드 재현 범위 안 — 변화 없음
[  413.9s]   eye  A0채움_전체            vs 반영후          roc_auc      0.7261 → 0.7285 (+0.0024, ±0.0093) → 시드 재현 범위 안 — 변화 없음
[  413.9s]   eye  A0채움_전체            vs 반영후          roc_auc_보정   0.6532 → 0.6549 (+0.0017, ±0.0122) → 시드 재현 범위 안 — 변화 없음
[  413.9s]   eye  A0채움_전체            vs 반영후          MCC          0.3519 → 0.3439 (-0.0080, ±0.0195) → 시드 재현 범위 안 — 변화 없음
[  413.9s]   eye  A0채움_전체            vs 반영후          BA           0.6794 → 0.6758 (-0.0036, ±0.0061) → 시드 재현 범위 안 — 변화 없음
[  413.9s]   eye  A0채움_유해만           vs 반영후          roc_auc      0.7261 → 0.7261 (+0.0000, ±0.0000) → 시드 재현 범위 안 — 변화 없음
[  413.9s]   eye  A0채움_유해만           vs 반영후          roc_auc_보정   0.6532 → 0.6532 (+0.0000, ±0.0000) → 시드 재현 범위 안 — 변화 없음
[  413.9s]   eye  A0채움_유해만           vs 반영후          MCC          0.3519 → 0.3519 (+0.0000, ±0.0000) → 시드 재현 범위 안 — 변화 없음
[  413.9s]   eye  A0채움_유해만           vs 반영후          BA           0.6794 → 0.6794 (+0.0000, ±0.0000) → 시드 재현 범위 안 — 변화 없음
[  413.9s]   eye  A0채움_tier표기_annexvi vs 반영후          roc_auc      0.7261 → 0.7348 (+0.0088, ±0.0092) → 시드 재현 범위 안 — 변화 없음
[  413.9s]   eye  A0채움_tier표기_annexvi vs 반영후          roc_auc_보정   0.6532 → 0.6629 (+0.0097, ±0.0084) → 시드 재현 범위 밖 — 개선
[  413.9s]   eye  A0채움_tier표기_annexvi vs 반영후          MCC          0.3519 → 0.3433 (-0.0086, ±0.0166) → 시드 재현 범위 안 — 변화 없음
[  413.9s]   eye  A0채움_tier표기_annexvi vs 반영후          BA           0.6794 → 0.6750 (-0.0044, ±0.0091) → 시드 재현 범위 안 — 변화 없음
[  413.9s]   eye  A0채움_전체            vs 반영후_NC유지     roc_auc      0.7334 → 0.7285 (-0.0049, ±0.0039) → 시드 재현 범위 밖 — 손실
[  413.9s]   eye  A0채움_전체            vs 반영후_NC유지     roc_auc_보정   0.6629 → 0.6549 (-0.0080, ±0.0069) → 시드 재현 범위 밖 — 손실
[  413.9s]   eye  A0채움_전체            vs 반영후_NC유지     MCC          0.3415 → 0.3439 (+0.0024, ±0.0359) → 시드 재현 범위 안 — 변화 없음
[  413.9s]   eye  A0채움_전체            vs 반영후_NC유지     BA           0.6739 → 0.6758 (+0.0019, ±0.0166) → 시드 재현 범위 안 — 변화 없음
[  413.9s]     게이트 0.70 [반영전] 보정 AUC 0.6580 → 미달
[  413.9s]     게이트 0.70 [반영후] 보정 AUC 0.6532 → 미달
[  413.9s]     게이트 0.70 [반영후_NC유지] 보정 AUC 0.6629 → 미달
[  413.9s]     게이트 0.70 [A0채움_전체] 보정 AUC 0.6549 → 미달
[  413.9s]     게이트 0.70 [A0채움_유해만] 보정 AUC 0.6532 → 미달
[  413.9s]     게이트 0.70 [A0채움_tier표기_annexvi] 보정 AUC 0.6629 → 미달
[  413.9s]   skin 반영후                vs 반영전          roc_auc      0.7015 → 0.7054 (+0.0039, ±0.0043) → 시드 재현 범위 안 — 변화 없음
[  413.9s]   skin 반영후                vs 반영전          roc_auc_보정   0.6470 → 0.6497 (+0.0027, ±0.0039) → 시드 재현 범위 안 — 변화 없음
[  413.9s]   skin 반영후                vs 반영전          MCC          0.2797 → 0.2742 (-0.0055, ±0.0194) → 시드 재현 범위 안 — 변화 없음
[  413.9s]   skin 반영후                vs 반영전          BA           0.6465 → 0.6436 (-0.0028, ±0.0106) → 시드 재현 범위 안 — 변화 없음
[  413.9s]   skin 반영후_NC유지           vs 반영후          roc_auc      0.7054 → 0.7125 (+0.0071, ±0.0036) → 시드 재현 범위 밖 — 개선
[  413.9s]   skin 반영후_NC유지           vs 반영후          roc_auc_보정   0.6497 → 0.6520 (+0.0023, ±0.0086) → 시드 재현 범위 안 — 변화 없음
[  413.9s]   skin 반영후_NC유지           vs 반영후          MCC          0.2742 → 0.3151 (+0.0409, ±0.0535) → 시드 재현 범위 안 — 변화 없음
[  413.9s]   skin 반영후_NC유지           vs 반영후          BA           0.6436 → 0.6657 (+0.0221, ±0.0280) → 시드 재현 범위 안 — 변화 없음
[  413.9s]   skin A0채움_전체            vs 반영후          roc_auc      0.7054 → 0.7107 (+0.0053, ±0.0053) → 시드 재현 범위 밖 — 개선
[  413.9s]   skin A0채움_전체            vs 반영후          roc_auc_보정   0.6497 → 0.6520 (+0.0023, ±0.0094) → 시드 재현 범위 안 — 변화 없음
[  413.9s]   skin A0채움_전체            vs 반영후          MCC          0.2742 → 0.2990 (+0.0248, ±0.0581) → 시드 재현 범위 안 — 변화 없음
[  413.9s]   skin A0채움_전체            vs 반영후          BA           0.6436 → 0.6577 (+0.0141, ±0.0300) → 시드 재현 범위 안 — 변화 없음
[  413.9s]   skin A0채움_유해만           vs 반영후          roc_auc      0.7054 → 0.7054 (+0.0000, ±0.0000) → 시드 재현 범위 안 — 변화 없음
[  413.9s]   skin A0채움_유해만           vs 반영후          roc_auc_보정   0.6497 → 0.6497 (+0.0000, ±0.0000) → 시드 재현 범위 안 — 변화 없음
[  413.9s]   skin A0채움_유해만           vs 반영후          MCC          0.2742 → 0.2742 (+0.0000, ±0.0000) → 시드 재현 범위 안 — 변화 없음
[  413.9s]   skin A0채움_유해만           vs 반영후          BA           0.6436 → 0.6436 (+0.0000, ±0.0000) → 시드 재현 범위 안 — 변화 없음
[  413.9s]   skin A0채움_tier표기_annexvi vs 반영후          roc_auc      0.7054 → 0.7089 (+0.0035, ±0.0074) → 시드 재현 범위 안 — 변화 없음
[  413.9s]   skin A0채움_tier표기_annexvi vs 반영후          roc_auc_보정   0.6497 → 0.6527 (+0.0030, ±0.0119) → 시드 재현 범위 안 — 변화 없음
[  413.9s]   skin A0채움_tier표기_annexvi vs 반영후          MCC          0.2742 → 0.2996 (+0.0253, ±0.0461) → 시드 재현 범위 안 — 변화 없음
[  413.9s]   skin A0채움_tier표기_annexvi vs 반영후          BA           0.6436 → 0.6583 (+0.0146, ±0.0240) → 시드 재현 범위 안 — 변화 없음
[  413.9s]   skin A0채움_전체            vs 반영후_NC유지     roc_auc      0.7125 → 0.7107 (-0.0018, ±0.0052) → 시드 재현 범위 안 — 변화 없음
[  413.9s]   skin A0채움_전체            vs 반영후_NC유지     roc_auc_보정   0.6520 → 0.6520 (+0.0000, ±0.0073) → 시드 재현 범위 안 — 변화 없음
[  413.9s]   skin A0채움_전체            vs 반영후_NC유지     MCC          0.3151 → 0.2990 (-0.0161, ±0.0111) → 시드 재현 범위 밖 — 손실
[  413.9s]   skin A0채움_전체            vs 반영후_NC유지     BA           0.6657 → 0.6577 (-0.0080, ±0.0069) → 시드 재현 범위 밖 — 손실
[  413.9s]     게이트 0.70 [반영전] 보정 AUC 0.6470 → 미달
[  413.9s]     게이트 0.70 [반영후] 보정 AUC 0.6497 → 미달
[  413.9s]     게이트 0.70 [반영후_NC유지] 보정 AUC 0.6520 → 미달
[  413.9s]     게이트 0.70 [A0채움_전체] 보정 AUC 0.6520 → 미달
[  413.9s]     게이트 0.70 [A0채움_유해만] 보정 AUC 0.6497 → 미달
[  413.9s]     게이트 0.70 [A0채움_tier표기_annexvi] 보정 AUC 0.6527 → 미달
[  413.9s] 주의 — A0 채움이 개선을 내더라도 그 A0 칸은 더 이상 '성분 MSDS 선언값' 이 아니다. L2 노선 정의가 바뀌는 것이므로 성능만으로 채택을 정할 수 없다. `A0채움_전체 vs 반영후_NC유지` 가 잡음이면 개선의 정체는 NC 살리기이지 A0 채움이 아니다. 'A0 이동' 효과를 홀로 보려면 `A0채움_유해만 vs 반영후` 를 읽는다. arm 별 NC·정보원 구성은 `A0채움_구성.csv`.
[  413.9s] 완료 → 04_모델산출물/v8_노선2/A0채움_대조.csv · A0채움_판정.csv
