[    0.0s] === L2 노선 제형 모델 (eye · skin) ===
[    0.0s] 대표: 관할 EU_CLP · 피처 L2단독 · 결측 native_복원 · 임계값 J_중첩CV
[   11.1s] CT A0 == 디스크 / 커버리지 == 검증값 — 전처리 드리프트 없음
[   11.1s] 결측 복원 대상: ['f_pct_surf_total', 'f_surf_anionic_nonionic'] × 조성미상 281행 = 562셀 (native_복원 규약에만 적용)
[   11.1s] 측정 셀 16개 · 셀당 5시드 × 5폴드 × (외부1 + 내부3) 적합
[   33.9s]   eye  EU_CLP   L2단독         [native_복원  ] n= 1044 p=0.370 AUC=0.7265±0.0100 PR=0.6251 τ=0.491 MCC=0.342 BA=0.674 재현율=0.623 특이도=0.724 | 0.5대조 MCC=0.341 재현율=0.612
       └ 누출보정 AUC=0.6580 (pooled -0.0685, 초과분의 30.2%가 라벨출처 판별) 게이트(보정)=미달
[   33.9s]       층 문서독립                       n= 608 p=0.191 AUC=0.6653 MCC=0.211
[   33.9s]       층 문서공유_분류절                   n= 330 p=0.754 AUC=0.6340 MCC=0.150
[   33.9s]       층 문서공유_11절                   n= 106 p=0.198 AUC=0.6968 MCC=0.277
[   33.9s]       층 CT판정행_A0_base              n= 464 p=0.315 AUC=0.7136 MCC=0.314
[   33.9s]       층 CT판정행_A2_aug_nc_unknown    n= 607 p=0.382 AUC=0.7487 MCC=0.376
[   57.1s]   eye  EU_CLP   L2+결합        [native_복원  ] n= 1044 p=0.370 AUC=0.7560±0.0051 PR=0.6423 τ=0.445 MCC=0.374 BA=0.691 재현율=0.670 특이도=0.713 | 0.5대조 MCC=0.403 재현율=0.617
       └ 누출보정 AUC=0.6776 (pooled -0.0784, 초과분의 30.6%가 라벨출처 판별) 게이트(보정)=미달
[   79.9s]   eye  EU_CLP   L2+L1        [native_복원  ] n= 1044 p=0.370 AUC=0.7611±0.0066 PR=0.6725 τ=0.433 MCC=0.373 BA=0.690 재현율=0.650 특이도=0.729 | 0.5대조 MCC=0.395 재현율=0.566
       └ 누출보정 AUC=0.6814 (pooled -0.0797, 초과분의 30.5%가 라벨출처 판별) 게이트(보정)=미달
[  104.3s]   eye  EU_CLP   L2+L3        [native_복원  ] n= 1044 p=0.370 AUC=0.7588±0.0037 PR=0.6563 τ=0.446 MCC=0.407 BA=0.704 재현율=0.629 특이도=0.778 | 0.5대조 MCC=0.420 재현율=0.579
       └ 누출보정 AUC=0.6911 (pooled -0.0677, 초과분의 26.2%가 라벨출처 판별) 게이트(보정)=미달
[  130.1s]   eye  EU_CLP   전체_노선혼합      [native_복원  ] n= 1044 p=0.370 AUC=0.7657±0.0051 PR=0.6822 τ=0.437 MCC=0.416 BA=0.707 재현율=0.623 특이도=0.791 | 0.5대조 MCC=0.421 재현율=0.561
       └ 누출보정 AUC=0.6962 (pooled -0.0695, 초과분의 26.2%가 라벨출처 판별) 게이트(보정)=미달
[  152.7s]   eye  EU_CLP   L2단독         [nan0       ] n= 1044 p=0.370 AUC=0.7028±0.0040 PR=0.6092 τ=0.522 MCC=0.309 BA=0.653 재현율=0.558 특이도=0.749 | 0.5대조 MCC=0.318 재현율=0.580
       └ 누출보정 AUC=0.6364 (pooled -0.0664, 초과분의 32.7%가 라벨출처 판별) 게이트(보정)=미달
[  175.7s]   eye  K_REACH  L2단독         [native_복원  ] n= 1044 p=0.683 AUC=0.6069±0.0129 PR=0.7740 τ=0.595 MCC=0.121 BA=0.565 재현율=0.569 특이도=0.559 | 0.5대조 MCC=0.154 재현율=0.743
       └ 누출보정 AUC=0.5823 (pooled -0.0246, 초과분의 23.0%가 라벨출처 판별) 게이트(보정)=미달
[  198.6s]   eye  UN_GHS   L2단독         [native_복원  ] n= 1044 p=0.683 AUC=0.6069±0.0129 PR=0.7740 τ=0.595 MCC=0.121 BA=0.565 재현율=0.569 특이도=0.559 | 0.5대조 MCC=0.154 재현율=0.743
       └ 누출보정 AUC=0.5823 (pooled -0.0246, 초과분의 23.0%가 라벨출처 판별) 게이트(보정)=미달
[  221.6s]   skin EU_CLP   L2단독         [native_복원  ] n= 1059 p=0.336 AUC=0.7015±0.0023 PR=0.5241 τ=0.446 MCC=0.280 BA=0.646 재현율=0.629 특이도=0.664 | 0.5대조 MCC=0.298 재현율=0.578
       └ 누출보정 AUC=0.6470 (pooled -0.0545, 초과분의 27.1%가 라벨출처 판별) 게이트(보정)=미달
[  221.6s]       층 문서독립                       n= 544 p=0.184 AUC=0.6530 MCC=0.140
[  221.6s]       층 문서공유_분류절                   n= 421 p=0.575 AUC=0.6411 MCC=0.211
[  221.6s]       층 문서공유_11절                   n=  94 p=0.149 AUC=0.6377 MCC=0.146
[  221.6s]       층 CT판정행_A0_base              n= 461 p=0.299 AUC=0.6992 MCC=0.244
[  221.6s]       층 CT판정행_A2_aug_nc_unknown    n= 552 p=0.346 AUC=0.7191 MCC=0.275
[  244.6s]   skin EU_CLP   L2+결합        [native_복원  ] n= 1059 p=0.336 AUC=0.7301±0.0040 PR=0.5594 τ=0.405 MCC=0.319 BA=0.668 재현율=0.684 특이도=0.653 | 0.5대조 MCC=0.319 재현율=0.574
       └ 누출보정 AUC=0.6604 (pooled -0.0697, 초과분의 30.3%가 라벨출처 판별) 게이트(보정)=미달
[  267.6s]   skin EU_CLP   L2+L1        [native_복원  ] n= 1059 p=0.336 AUC=0.7556±0.0071 PR=0.6292 τ=0.401 MCC=0.359 BA=0.686 재현율=0.654 특이도=0.719 | 0.5대조 MCC=0.363 재현율=0.525
       └ 누출보정 AUC=0.7000 (pooled -0.0556, 초과분의 21.8%가 라벨출처 판별) 게이트(보정)=통과
[  291.9s]   skin EU_CLP   L2+L3        [native_복원  ] n= 1059 p=0.336 AUC=0.7559±0.0033 PR=0.6110 τ=0.381 MCC=0.342 BA=0.679 재현율=0.671 특이도=0.687 | 0.5대조 MCC=0.361 재현율=0.548
       └ 누출보정 AUC=0.6840 (pooled -0.0719, 초과분의 28.1%가 라벨출처 판별) 게이트(보정)=미달
[  316.8s]   skin EU_CLP   전체_노선혼합      [native_복원  ] n= 1059 p=0.336 AUC=0.7746±0.0058 PR=0.6555 τ=0.376 MCC=0.368 BA=0.692 재현율=0.676 특이도=0.708 | 0.5대조 MCC=0.388 재현율=0.526
       └ 누출보정 AUC=0.7130 (pooled -0.0616, 초과분의 22.4%가 라벨출처 판별) 게이트(보정)=통과
[  339.7s]   skin EU_CLP   L2단독         [nan0       ] n= 1059 p=0.336 AUC=0.6874±0.0032 PR=0.5186 τ=0.486 MCC=0.290 BA=0.649 재현율=0.584 특이도=0.715 | 0.5대조 MCC=0.299 재현율=0.570
       └ 누출보정 AUC=0.6326 (pooled -0.0548, 초과분의 29.2%가 라벨출처 판별) 게이트(보정)=미달
[  362.5s]   skin K_REACH  L2단독         [native_복원  ] n= 1059 p=0.336 AUC=0.7015±0.0023 PR=0.5241 τ=0.446 MCC=0.280 BA=0.646 재현율=0.629 특이도=0.664 | 0.5대조 MCC=0.298 재현율=0.578
       └ 누출보정 AUC=0.6470 (pooled -0.0545, 초과분의 27.1%가 라벨출처 판별) 게이트(보정)=미달
[  382.3s]   skin UN_GHS   L2단독         [native_복원  ] n=  615 p=0.603 AUC=0.6304±0.0161 PR=0.7289 τ=0.634 MCC=0.138 BA=0.567 재현율=0.412 특이도=0.721 | 0.5대조 MCC=0.158 재현율=0.712
[  382.3s] 대표 ▶ L2/eye  EU_CLP n=1044 p=0.3697 pooled AUC=0.7265 / 누출보정 AUC=0.658 MCC=0.3422 τ=0.4909 게이트(보정)=미달
[  382.3s] 대표 ▶ L2/skin EU_CLP n=1059 p=0.3362 pooled AUC=0.7015 / 누출보정 AUC=0.647 MCC=0.2797 τ=0.4455 게이트(보정)=미달
[  382.3s] 주의 — 대표값으로 인용할 수치는 `roc_auc_보정` 이다. pooled 값은 라벨 출처 층 판별분을 포함한다(누출감사 A-2). 두 값을 함께 쓰지 않은 인용은 규약 §4.1 위반이다.
[  382.3s] 완료 → 04_모델산출물/v8_노선2/지표_노선2.csv / .xlsx / 요약.json
