[    0.0s] === 감작 열 제외 대조 (규약 §5-3) ===
[   19.7s] CT A0 == 디스크 / 커버리지 == 검증값 — 전처리 드리프트 없음
[   19.7s] 결측 복원 대상: ['f_pct_surf_total', 'f_surf_anionic_nonionic'] × 조성미상 281행 = 562셀 (native_복원 규약에만 적용)
[   19.8s] L2단독 42열 → 감작 7열 제외 → 35열
[   19.8s] 제외 열: ['ct_sens_ord', 'f_ct_sens_add', 'f_ct_sens_cat_1', 'f_ct_sens_cat_NC', 'f_ct_sens_cat___NA__', 'f_ct_sens_ord', 'f_ct_sens_s1']
[   56.2s]   eye  L2단독            42열 pooled AUC=0.7265±0.0100 보정 AUC=0.6580 MCC=0.3422 BA=0.6738 τ=0.491
[   96.6s]   eye  L2단독_감작제외       35열 pooled AUC=0.7078±0.0082 보정 AUC=0.6469 MCC=0.2799 BA=0.6435 τ=0.464
[  138.7s]   skin L2단독            42열 pooled AUC=0.7015±0.0023 보정 AUC=0.6470 MCC=0.2797 BA=0.6465 τ=0.446
[  176.5s]   skin L2단독_감작제외       35열 pooled AUC=0.6981±0.0038 보정 AUC=0.6372 MCC=0.2682 BA=0.6402 τ=0.454
[  176.6s] --- 판정 ---
[  176.6s]   eye  roc_auc      유지=0.7265 제외=0.7078 차이=-0.0187 (±0.0200) → 잡음 범위 — 기여 없음
[  176.6s]   eye  roc_auc_보정   유지=0.6580 제외=0.6469 차이=-0.0111 (±0.0220) → 잡음 범위 — 기여 없음
[  176.6s]   eye  MCC          유지=0.3422 제외=0.2799 차이=-0.0623 (±0.0406) → 유의한 손실
[  176.6s]   eye  BA           유지=0.6738 제외=0.6435 차이=-0.0303 (±0.0220) → 유의한 손실
[  176.6s]   skin roc_auc      유지=0.7015 제외=0.6981 차이=-0.0034 (±0.0076) → 잡음 범위 — 기여 없음
[  176.6s]   skin roc_auc_보정   유지=0.6470 제외=0.6372 차이=-0.0098 (±0.0068) → 유의한 손실
[  176.6s]   skin MCC          유지=0.2797 제외=0.2682 차이=-0.0115 (±0.0354) → 잡음 범위 — 기여 없음
[  176.6s]   skin BA           유지=0.6465 제외=0.6402 차이=-0.0063 (±0.0168) → 잡음 범위 — 기여 없음
[  176.6s] 주의 — 이 대조는 감작 열의 기여만 잰다. 제외 결정의 근거는 수치가 아니라 '감작을 학습에 쓰지 않는다'는 원칙이고, 이 표는 그 결정의 성능 비용을 밝히는 용도다. 차이가 잡음 범위면 비용 없이 원칙을 지킬 수 있다는 뜻이다.
[  176.6s] 완료 → 04_모델산출물/v8_노선2/감작제외_대조.csv · 감작제외_판정.csv
