[    0.0s] === 성분 GHS 조사값 반영 대조 ===
[   20.2s] CT A0 == 디스크 / 커버리지 == 검증값 — 전처리 드리프트 없음
[   20.2s] 결측 복원 대상: ['f_pct_surf_total', 'f_surf_anionic_nonionic'] × 조성미상 281행 = 562셀 (native_복원 규약에만 적용)
[   20.2s] 조사 결과 455종 · 동일성등급 {'CAS_동의어일치': 221, '보류_혼합물명': 94, nan: 72, '이름_동의어일치': 63, '보류_다중CID': 5}
[   20.2s]   eye: 농도 결측 124 성분행은 채우지 않았다 (가산식이 NaN 으로 오염된다)
[   20.3s]   skin: 농도 결측 133 성분행은 채우지 않았다 (가산식이 NaN 으로 오염된다)
[   22.7s] 조사후_전체: indep 결측 채움 {'eye': 465, 'skin': 493} · 성분커버리지 {'eye': 0.3516, 'skin': 0.3156} · 판정행 {'eye': 1027, 'skin': 941}
[   22.7s]   eye: 농도 결측 102 성분행은 채우지 않았다 (가산식이 NaN 으로 오염된다)
[   22.7s]   skin: 농도 결측 109 성분행은 채우지 않았다 (가산식이 NaN 으로 오염된다)
[   25.2s] 조사후_이름경로제외: indep 결측 채움 {'eye': 406, 'skin': 431} · 성분커버리지 {'eye': 0.349, 'skin': 0.3124} · 판정행 {'eye': 1021, 'skin': 936}
[   25.2s]   eye: 농도 결측 124 성분행은 채우지 않았다 (가산식이 NaN 으로 오염된다)
[   25.3s]   skin: 농도 결측 133 성분행은 채우지 않았다 (가산식이 NaN 으로 오염된다)
[   27.8s] 조사후_NC유지: indep 결측 채움 {'eye': 465, 'skin': 493} · 성분커버리지 {'eye': 0.5934, 'skin': 0.5976} · 판정행 {'eye': 1397, 'skin': 1399}
[   30.6s] 조사전_NC유지: 성분커버리지 {'eye': 0.5109, 'skin': 0.5115} · 판정행 {'eye': 1298, 'skin': 1299}
[   33.1s] 조사전: 성분커버리지 {'eye': 0.3301, 'skin': 0.2963} · 판정행 {'eye': 982, 'skin': 900}
[   64.3s]   eye  조사전                커버리지=0.330 pooled AUC=0.7265±0.0100 보정 AUC=0.6580 MCC=0.3422 BA=0.6738 τ=0.491
[   95.3s]   eye  조사후_전체             커버리지=0.352 pooled AUC=0.7261±0.0069 보정 AUC=0.6532 MCC=0.3519 BA=0.6794 τ=0.485
[  126.4s]   eye  조사후_이름경로제외         커버리지=0.349 pooled AUC=0.7231±0.0068 보정 AUC=0.6499 MCC=0.3259 BA=0.6675 τ=0.465
[  158.0s]   eye  조사후_NC유지           커버리지=0.593 pooled AUC=0.7334±0.0054 보정 AUC=0.6629 MCC=0.3415 BA=0.6739 τ=0.486
[  189.3s]   eye  조사전_NC유지           커버리지=0.511 pooled AUC=0.7356±0.0055 보정 AUC=0.6692 MCC=0.3615 BA=0.6823 τ=0.502
[  221.4s]   skin 조사전                커버리지=0.296 pooled AUC=0.7015±0.0023 보정 AUC=0.6470 MCC=0.2797 BA=0.6465 τ=0.446
[  253.4s]   skin 조사후_전체             커버리지=0.316 pooled AUC=0.7054±0.0039 보정 AUC=0.6497 MCC=0.2742 BA=0.6436 τ=0.442
[  284.4s]   skin 조사후_이름경로제외         커버리지=0.312 pooled AUC=0.7016±0.0050 보정 AUC=0.6445 MCC=0.2694 BA=0.6420 τ=0.424
[  315.5s]   skin 조사후_NC유지           커버리지=0.598 pooled AUC=0.7125±0.0033 보정 AUC=0.6520 MCC=0.3151 BA=0.6657 τ=0.432
[  346.9s]   skin 조사전_NC유지           커버리지=0.511 pooled AUC=0.7058±0.0015 보정 AUC=0.6509 MCC=0.3002 BA=0.6572 τ=0.447
[  347.0s] --- 판정 ---
[  347.0s]   eye  조사후_전체             roc_auc      0.7265 → 0.7261 (-0.0004, ±0.0086) → 시드 재현 범위 안 — 변화 없음
[  347.0s]   eye  조사후_전체             roc_auc_보정   0.6580 → 0.6532 (-0.0048, ±0.0097) → 시드 재현 범위 안 — 변화 없음
[  347.0s]   eye  조사후_전체             MCC          0.3422 → 0.3519 (+0.0097, ±0.0249) → 시드 재현 범위 안 — 변화 없음
[  347.0s]   eye  조사후_전체             BA           0.6738 → 0.6794 (+0.0056, ±0.0091) → 시드 재현 범위 안 — 변화 없음
[  347.0s]   eye  조사후_이름경로제외         roc_auc      0.7265 → 0.7231 (-0.0033, ±0.0080) → 시드 재현 범위 안 — 변화 없음
[  347.0s]   eye  조사후_이름경로제외         roc_auc_보정   0.6580 → 0.6499 (-0.0081, ±0.0083) → 시드 재현 범위 안 — 변화 없음
[  347.0s]   eye  조사후_이름경로제외         MCC          0.3422 → 0.3259 (-0.0163, ±0.0360) → 시드 재현 범위 안 — 변화 없음
[  347.0s]   eye  조사후_이름경로제외         BA           0.6738 → 0.6675 (-0.0063, ±0.0150) → 시드 재현 범위 안 — 변화 없음
[  347.0s]   eye  조사후_NC유지           roc_auc      0.7356 → 0.7334 (-0.0022, ±0.0070) → 시드 재현 범위 안 — 변화 없음
[  347.0s]   eye  조사후_NC유지           roc_auc_보정   0.6692 → 0.6629 (-0.0064, ±0.0112) → 시드 재현 범위 안 — 변화 없음
[  347.0s]   eye  조사후_NC유지           MCC          0.3615 → 0.3415 (-0.0200, ±0.0151) → 시드 재현 범위 밖 — 손실
[  347.0s]   eye  조사후_NC유지           BA           0.6823 → 0.6739 (-0.0084, ±0.0069) → 시드 재현 범위 밖 — 손실
[  347.0s]   eye  조사전_NC유지           roc_auc      0.7265 → 0.7356 (+0.0091, ±0.0175) → 시드 재현 범위 안 — 변화 없음
[  347.0s]   eye  조사전_NC유지           roc_auc_보정   0.6580 → 0.6692 (+0.0112, ±0.0179) → 시드 재현 범위 안 — 변화 없음
[  347.0s]   eye  조사전_NC유지           MCC          0.3422 → 0.3615 (+0.0194, ±0.0290) → 시드 재현 범위 안 — 변화 없음
[  347.0s]   eye  조사전_NC유지           BA           0.6738 → 0.6823 (+0.0085, ±0.0131) → 시드 재현 범위 안 — 변화 없음
[  347.0s]     게이트 0.70 [조사전] 보정 AUC 0.6580 → 미달
[  347.0s]     게이트 0.70 [조사후_전체] 보정 AUC 0.6532 → 미달
[  347.0s]     게이트 0.70 [조사후_이름경로제외] 보정 AUC 0.6499 → 미달
[  347.0s]     게이트 0.70 [조사후_NC유지] 보정 AUC 0.6629 → 미달
[  347.0s]     게이트 0.70 [조사전_NC유지] 보정 AUC 0.6692 → 미달
[  347.0s]   skin 조사후_전체             roc_auc      0.7015 → 0.7054 (+0.0039, ±0.0043) → 시드 재현 범위 안 — 변화 없음
[  347.0s]   skin 조사후_전체             roc_auc_보정   0.6470 → 0.6497 (+0.0027, ±0.0039) → 시드 재현 범위 안 — 변화 없음
[  347.0s]   skin 조사후_전체             MCC          0.2797 → 0.2742 (-0.0055, ±0.0194) → 시드 재현 범위 안 — 변화 없음
[  347.0s]   skin 조사후_전체             BA           0.6465 → 0.6436 (-0.0028, ±0.0106) → 시드 재현 범위 안 — 변화 없음
[  347.0s]   skin 조사후_이름경로제외         roc_auc      0.7015 → 0.7016 (+0.0001, ±0.0070) → 시드 재현 범위 안 — 변화 없음
[  347.0s]   skin 조사후_이름경로제외         roc_auc_보정   0.6470 → 0.6445 (-0.0024, ±0.0084) → 시드 재현 범위 안 — 변화 없음
[  347.0s]   skin 조사후_이름경로제외         MCC          0.2797 → 0.2694 (-0.0103, ±0.0161) → 시드 재현 범위 안 — 변화 없음
[  347.0s]   skin 조사후_이름경로제외         BA           0.6465 → 0.6420 (-0.0045, ±0.0088) → 시드 재현 범위 안 — 변화 없음
[  347.0s]   skin 조사후_NC유지           roc_auc      0.7058 → 0.7125 (+0.0067, ±0.0083) → 시드 재현 범위 안 — 변화 없음
[  347.0s]   skin 조사후_NC유지           roc_auc_보정   0.6509 → 0.6520 (+0.0010, ±0.0097) → 시드 재현 범위 안 — 변화 없음
[  347.0s]   skin 조사후_NC유지           MCC          0.3002 → 0.3151 (+0.0149, ±0.0477) → 시드 재현 범위 안 — 변화 없음
[  347.0s]   skin 조사후_NC유지           BA           0.6572 → 0.6657 (+0.0085, ±0.0240) → 시드 재현 범위 안 — 변화 없음
[  347.0s]   skin 조사전_NC유지           roc_auc      0.7015 → 0.7058 (+0.0043, ±0.0073) → 시드 재현 범위 안 — 변화 없음
[  347.0s]   skin 조사전_NC유지           roc_auc_보정   0.6470 → 0.6509 (+0.0039, ±0.0126) → 시드 재현 범위 안 — 변화 없음
[  347.0s]   skin 조사전_NC유지           MCC          0.2797 → 0.3002 (+0.0205, ±0.0320) → 시드 재현 범위 안 — 변화 없음
[  347.0s]   skin 조사전_NC유지           BA           0.6465 → 0.6572 (+0.0107, ±0.0147) → 시드 재현 범위 안 — 변화 없음
[  347.0s]     게이트 0.70 [조사전] 보정 AUC 0.6470 → 미달
[  347.0s]     게이트 0.70 [조사후_전체] 보정 AUC 0.6497 → 미달
[  347.0s]     게이트 0.70 [조사후_이름경로제외] 보정 AUC 0.6445 → 미달
[  347.0s]     게이트 0.70 [조사후_NC유지] 보정 AUC 0.6520 → 미달
[  347.0s]     게이트 0.70 [조사전_NC유지] 보정 AUC 0.6509 → 미달
[  347.0s] 주의 — 커버리지 상승이 성능 상승을 보장하지 않는다. 보정 AUC 는 라벨 출처 층 내부 순위 지표이므로 층을 가로지르는 이득이 여기서는 잡히지 않는다. pooled 만 올랐다면 그것은 재현 능력 향상이 아닐 수 있다.
[  347.0s] 완료 → 04_모델산출물/v8_노선2/조사반영_대조.csv · 조사반영_판정.csv
