[    0.0s] 데이터 로드
[    0.1s] X=(1675, 524)  Y=(1675, 53)  S1_chemistry=221열  CT=26열
[    6.6s] L0 y_eye 원본 분포: {'결측': 522, 'NC': 440, '2B': 327, '2A': 205, '1': 174, '2': 7}
[    6.6s] L0 y_skin 원본 분포: {'NC': 688, '결측': 616, '2': 214, '2B': 71, '1': 55, '3': 15, '2A': 11, '1B': 5}
[    6.6s] L0 y_sens 원본 분포: {'결측': 959, '1': 360, 'NC': 335, '1B': 19, '1A': 2}
[    6.6s] L1 정본 y_eye: {'결측': 522, 'NC': 440, '2B': 327, '2A': 205, '1': 174, '2': 7}
[    6.6s] L1 정본 y_skin: {'NC': 688, '결측': 616, '2': 296, '1': 55, '3': 15, '1B': 5}
[    6.6s] L1 정본 y_sens: {'결측': 959, '1': 360, 'NC': 335, '1B': 19, '1A': 2}
[    6.6s] L1 정정 셀: 82건 {('skin', '2A'): 11, ('skin', '2B'): 71}
[    6.6s] L0 원본 불변 검증 통과 (디스크 == 메모리, 3 엔드포인트)
[    6.6s] 오버레이 대상 EPA 피부 IV 행: 444
[    6.6s] L2 UN_GHS  /eye  n= 1153 양성= 713 유병률=0.618
[    6.6s]   UN_GHS/skin 오버레이 마스크: 444행 (EPA IV — Cat 3 채택 관할에서 범주 확정 불가)
[    6.6s] L2 UN_GHS  /skin n=  615 양성= 371 유병률=0.603
[    6.6s] L2 UN_GHS  /sens n=  716 양성= 381 유병률=0.532
[    6.6s] L2 EU_CLP  /eye  n= 1153 양성= 386 유병률=0.335
[    6.6s] L2 EU_CLP  /skin n= 1059 양성= 356 유병률=0.336
[    6.6s] L2 EU_CLP  /sens n=  716 양성= 381 유병률=0.532
[    6.6s] L2 K_REACH /eye  n= 1153 양성= 713 유병률=0.618
[    6.6s] L2 K_REACH /skin n= 1059 양성= 356 유병률=0.336
[    6.6s] L2 K_REACH /sens n=  716 양성= 381 유병률=0.532
[    6.6s] L2 US_OSHA /eye  n= 1153 양성= 713 유병률=0.618
[    6.6s] L2 US_OSHA /skin n= 1059 양성= 356 유병률=0.336
[    6.6s] L2 US_OSHA /sens n=  716 양성= 381 유병률=0.532
[    6.6s] 관할 간 이진 불일치: [{"endpoint": "eye", "관할": "EU_CLP", "UN과_공통판정행": 1153, "이진불일치": 327}, {"endpoint": "eye", "관할": "K_REACH", "UN과_공통판정행": 1153, "이진불일치": 0}, {"endpoint": "eye", "관할": "US_OSHA", "UN과_공통판정행": 1153, "이진불일치": 0}, {"endpoint": "skin", "관할": "EU_CLP", "UN과_공통판정행": 1059, "이진불일치": 15}, {"endpoint": "skin", "관할": "K_REACH", "UN과_공통판정행": 1059, "이진불일치": 15}, {"endpoint": "skin", "관할": "US_OSHA", "UN과_공통판정행": 1059, "이진불일치": 15}, {"endpoint": "sens", "관할": "EU_CLP", "UN과_공통판정행": 716, "이진불일치": 0}, {"endpoint": "sens", "관할": "K_REACH", "UN과_공통판정행": 716, "이진불일치": 0}, {"endpoint": "sens", "관할": "US_OSHA", "UN과_공통판정행": 716, "이진불일치": 0}]
[    7.0s] 팀원A 조사 CAS=331 (필터+중복제거 적용, 파싱실패 0)
[    7.0s] CT A0(기본) 재산출 — 디스크 일치 검증
[    7.9s] A0 재현 불일치 열: 0 []
[    7.9s] CT 권고조합 재산출 (eye/skin=A2, sens=A3)
[    8.7s] CT 커버리지 = v6_skinmap_ct 검증값 일치 (A0 / 권고 각 3 엔드포인트)
[    8.7s] S1_chemistry 결측률 0.1959 (CT 26열 0.2983) — 규약 차이가 유의할 수준
[    8.7s] ==================================================================
[    8.7s] M1 관할 비교 — 공통행 + 폴드 고정 + CT A0
[    8.9s] eye: 공통행 1153 / 관할별 전체행 {'UN_GHS': 1153, 'EU_CLP': 1153, 'K_REACH': 1153, 'US_OSHA': 1153}
[   15.3s]   [nan0  ] UN_GHS   n= 1153 p=0.618 AUC=0.6387±0.0097 MCC=0.202
[   21.6s]   [nan0  ] EU_CLP   n= 1153 p=0.335 AUC=0.7236±0.0063 MCC=0.369  ΔvsUN=+0.0848 t=18.49
[   28.1s]   [nan0  ] K_REACH  n= 1153 p=0.618 AUC=0.6387±0.0097 MCC=0.202
[   39.4s]   [nan0  ] US_OSHA  n= 1153 p=0.618 AUC=0.6387±0.0097 MCC=0.202
[   48.6s]   [native] UN_GHS   n= 1153 p=0.618 AUC=0.6299±0.0105 MCC=0.179
[   55.5s]   [native] EU_CLP   n= 1153 p=0.335 AUC=0.7326±0.0052 MCC=0.366  ΔvsUN=+0.1027 t=24.34
[   62.7s]   [native] K_REACH  n= 1153 p=0.618 AUC=0.6299±0.0105 MCC=0.179
[   70.5s]   [native] US_OSHA  n= 1153 p=0.618 AUC=0.6299±0.0105 MCC=0.179
[   70.7s] skin: 공통행 615 / 관할별 전체행 {'UN_GHS': 615, 'EU_CLP': 1059, 'K_REACH': 1059, 'US_OSHA': 1059}
[   75.8s]   [nan0  ] UN_GHS   n=  615 p=0.603 AUC=0.6882±0.0093 MCC=0.298
[   81.1s]   [nan0  ] EU_CLP   n=  615 p=0.579 AUC=0.7032±0.0070 MCC=0.315  ΔvsUN=+0.0150 t=5.41
[   86.5s]   [nan0  ] K_REACH  n=  615 p=0.579 AUC=0.7032±0.0070 MCC=0.315  ΔvsUN=+0.0150 t=5.41
[   91.4s]   [nan0  ] US_OSHA  n=  615 p=0.579 AUC=0.7032±0.0070 MCC=0.315  ΔvsUN=+0.0150 t=5.41
[   96.1s]   [native] UN_GHS   n=  615 p=0.603 AUC=0.6992±0.0116 MCC=0.308
[  100.7s]   [native] EU_CLP   n=  615 p=0.579 AUC=0.7143±0.0077 MCC=0.313  ΔvsUN=+0.0151 t=5.60
[  105.4s]   [native] K_REACH  n=  615 p=0.579 AUC=0.7143±0.0077 MCC=0.313  ΔvsUN=+0.0151 t=5.60
[  110.2s]   [native] US_OSHA  n=  615 p=0.579 AUC=0.7143±0.0077 MCC=0.313  ΔvsUN=+0.0151 t=5.60
[  110.3s] sens: 공통행 716 / 관할별 전체행 {'UN_GHS': 716, 'EU_CLP': 716, 'K_REACH': 716, 'US_OSHA': 716}
[  115.6s]   [nan0  ] UN_GHS   n=  716 p=0.532 AUC=0.6969±0.0135 MCC=0.298
[  120.9s]   [nan0  ] EU_CLP   n=  716 p=0.532 AUC=0.6969±0.0135 MCC=0.298
[  126.2s]   [nan0  ] K_REACH  n=  716 p=0.532 AUC=0.6969±0.0135 MCC=0.298
[  131.6s]   [nan0  ] US_OSHA  n=  716 p=0.532 AUC=0.6969±0.0135 MCC=0.298
[  137.1s]   [native] UN_GHS   n=  716 p=0.532 AUC=0.7067±0.0108 MCC=0.328
[  142.7s]   [native] EU_CLP   n=  716 p=0.532 AUC=0.7067±0.0108 MCC=0.328
[  148.4s]   [native] K_REACH  n=  716 p=0.532 AUC=0.7067±0.0108 MCC=0.328
[  155.1s]   [native] US_OSHA  n=  716 p=0.532 AUC=0.7067±0.0108 MCC=0.328
[  155.1s] ==================================================================
[  155.1s] M2 관할별 실전 — 자기 행집합·자기 폴드, CT 권고조합 (관할 간 직접 비교 불가)
[  171.3s]   eye  UN_GHS   [nan0  ] n= 1153 p=0.618 A0=0.6387 권고=0.6665 Δ=+0.0277
[  188.5s]   eye  UN_GHS   [native] n= 1153 p=0.618 A0=0.6299 권고=0.6497 Δ=+0.0198
[  204.7s]   eye  EU_CLP   [nan0  ] n= 1153 p=0.335 A0=0.7203 권고=0.7387 Δ=+0.0183
[  221.8s]   eye  EU_CLP   [native] n= 1153 p=0.335 A0=0.7296 권고=0.7451 Δ=+0.0155
[  238.1s]   eye  K_REACH  [nan0  ] n= 1153 p=0.618 A0=0.6387 권고=0.6665 Δ=+0.0277
[  255.4s]   eye  K_REACH  [native] n= 1153 p=0.618 A0=0.6299 권고=0.6497 Δ=+0.0198
[  280.1s]   eye  US_OSHA  [nan0  ] n= 1153 p=0.618 A0=0.6387 권고=0.6665 Δ=+0.0277
[  298.6s]   eye  US_OSHA  [native] n= 1153 p=0.618 A0=0.6299 권고=0.6497 Δ=+0.0198
[  309.9s]   skin UN_GHS   [nan0  ] n=  615 p=0.603 A0=0.6882 권고=0.7334 Δ=+0.0452
[  328.0s]   skin UN_GHS   [native] n=  615 p=0.603 A0=0.6992 권고=0.7350 Δ=+0.0358
[  344.6s]   skin EU_CLP   [nan0  ] n= 1059 p=0.336 A0=0.7547 권고=0.7697 Δ=+0.0150
[  360.3s]   skin EU_CLP   [native] n= 1059 p=0.336 A0=0.7612 권고=0.7754 Δ=+0.0142
[  383.8s]   skin K_REACH  [nan0  ] n= 1059 p=0.336 A0=0.7547 권고=0.7697 Δ=+0.0150
[  402.5s]   skin K_REACH  [native] n= 1059 p=0.336 A0=0.7612 권고=0.7754 Δ=+0.0142
[ 1407.4s]   skin US_OSHA  [nan0  ] n= 1059 p=0.336 A0=0.7547 권고=0.7697 Δ=+0.0150
[ 1419.7s]   skin US_OSHA  [native] n= 1059 p=0.336 A0=0.7612 권고=0.7754 Δ=+0.0142
[ 1430.6s]   sens UN_GHS   [nan0  ] n=  716 p=0.532 A0=0.6969 권고=0.7333 Δ=+0.0364
[ 1441.6s]   sens UN_GHS   [native] n=  716 p=0.532 A0=0.7067 권고=0.7558 Δ=+0.0491
[ 1452.5s]   sens EU_CLP   [nan0  ] n=  716 p=0.532 A0=0.6969 권고=0.7333 Δ=+0.0364
[ 1463.7s]   sens EU_CLP   [native] n=  716 p=0.532 A0=0.7067 권고=0.7558 Δ=+0.0491
[ 1474.5s]   sens K_REACH  [nan0  ] n=  716 p=0.532 A0=0.6969 권고=0.7333 Δ=+0.0364
[ 1486.8s]   sens K_REACH  [native] n=  716 p=0.532 A0=0.7067 권고=0.7558 Δ=+0.0491
[ 1497.9s]   sens US_OSHA  [nan0  ] n=  716 p=0.532 A0=0.6969 권고=0.7333 Δ=+0.0364
[ 1509.1s]   sens US_OSHA  [native] n=  716 p=0.532 A0=0.7067 권고=0.7558 Δ=+0.0491
[ 1509.1s] ==================================================================
[ 1509.1s] M3 negrec 교차전이 — 448셀(전부 NC)이 계통적으로 틀렸는지 계량
[ 1509.1s] eye: negrec=109 타출처=1044 학습가용(그룹누설제외)=749 제외그룹=83
[ 1530.9s]   eye [nan0]: negrec 평균p=0.4819 vs 타출처음성 0.3548 (양성 0.5680) 위치지수=0.5959 | negrec 학습추가 ΔAUC=+0.0035
[ 1530.9s] eye: negrec=109 타출처=1044 학습가용(그룹누설제외)=749 제외그룹=83
[ 1554.2s]   eye [native]: negrec 평균p=0.4823 vs 타출처음성 0.3526 (양성 0.5683) 위치지수=0.6015 | negrec 학습추가 ΔAUC=-0.0014
[ 1554.2s] skin: negrec=128 타출처=931 학습가용(그룹누설제외)=660 제외그룹=91
[ 1574.9s]   skin [nan0]: negrec 평균p=0.4323 vs 타출처음성 0.3357 (양성 0.6046) 위치지수=0.3593 | negrec 학습추가 ΔAUC=+0.0025
[ 1574.9s] skin: negrec=128 타출처=931 학습가용(그룹누설제외)=660 제외그룹=91
[ 1597.0s]   skin [native]: negrec 평균p=0.4369 vs 타출처음성 0.3330 (양성 0.6070) 위치지수=0.3793 | negrec 학습추가 ΔAUC=+0.0029
[ 1597.0s] sens: negrec=211 타출처=505 학습가용(그룹누설제외)=386 제외그룹=123
[ 1612.3s]   sens [nan0]: negrec 평균p=0.6669 vs 타출처음성 0.6277 (양성 0.7228) 위치지수=0.412 | negrec 학습추가 ΔAUC=+0.0168
[ 1612.3s] sens: negrec=211 타출처=505 학습가용(그룹누설제외)=386 제외그룹=123
[ 1628.4s]   sens [native]: negrec 평균p=0.6627 vs 타출처음성 0.6479 (양성 0.7419) 위치지수=0.1571 | negrec 학습추가 ΔAUC=+0.0225
[ 1628.5s] 완료 → /Users/팀원B/Desktop/260830/04_모델산출물/v6_jurisdiction
