[    0.0s] 데이터 로드
[   10.6s] L1 정본 재현 확인 (정정 82셀), L0 불변 검증 통과
[   10.6s] L2 관할 투영 재현 확인 (행수가 앞선 산출과 일치)
[   10.6s] negrec: {'eye': 109, 'skin': 128, 'sens': 211} (전부 음성 확인). 마스크 적용 = eye 만
[   10.6s]   UN_GHS  /eye 사용가능 1153 → 1044 (유병률 0.618 → 0.683)
[   10.6s]   EU_CLP  /eye 사용가능 1153 → 1044 (유병률 0.335 → 0.370)
[   10.6s]   K_REACH /eye 사용가능 1153 → 1044 (유병률 0.618 → 0.683)
[   10.6s]   US_OSHA /eye 사용가능 1153 → 1044 (유병률 0.618 → 0.683)
[   10.7s] → /Users/팀원B/Desktop/260830/04_모델산출물/v6_jurisdiction/라벨레이어_관할별_negrec마스크.csv
[   14.2s] CT A0 == 디스크 / 커버리지 == 검증값 — 전처리 드리프트 없음
[   14.2s] 눈 관할 프로파일 2종 동일성 검증 통과 — 프로파일 단위 계산 후 관할 확장
[   14.2s] ==================================================================
[   14.2s] M4 동일평가행 — 평가는 항상 신뢰 1044행, 학습에만 negrec 포함/제외
[   33.5s]   UN형(UN_GHS/K_REACH/US_OSHA) [nan0  ] CT_A0   포함=0.6732 마스크=0.6745 Δ=+0.0013 t=0.22 시드양수=2/5
[   52.2s]   UN형(UN_GHS/K_REACH/US_OSHA) [nan0  ] CT_권고   포함=0.6830 마스크=0.6858 Δ=+0.0028 t=1.05 시드양수=4/5
[   71.9s]   UN형(UN_GHS/K_REACH/US_OSHA) [native] CT_A0   포함=0.6670 마스크=0.6678 Δ=+0.0008 t=0.26 시드양수=3/5
[   91.9s]   UN형(UN_GHS/K_REACH/US_OSHA) [native] CT_권고   포함=0.6761 마스크=0.6744 Δ=-0.0017 t=-0.69 시드양수=2/5
[  110.4s]   EU형(EU_CLP)                [nan0  ] CT_A0   포함=0.7433 마스크=0.7423 Δ=-0.0010 t=-0.27 시드양수=2/5
[  128.6s]   EU형(EU_CLP)                [nan0  ] CT_권고   포함=0.7613 마스크=0.7577 Δ=-0.0035 t=-2.13 시드양수=1/5
[  148.4s]   EU형(EU_CLP)                [native] CT_A0   포함=0.7512 마스크=0.7505 Δ=-0.0007 t=-0.76 시드양수=1/5
[  169.0s]   EU형(EU_CLP)                [native] CT_권고   포함=0.7643 마스크=0.7656 Δ=+0.0014 t=0.95 시드양수=3/5
[  169.0s] ==================================================================
[  169.0s] M5 마스크 후 최종 성능 — n·유병률이 바뀌므로 1153행 수치와 직접 비교 불가
[  178.9s]   UN형(UN_GHS/K_REACH/US_OSHA) [nan0  ] CT_A0   n=1044 p=0.683 AUC=0.6745±0.0097 MCC=0.235
[  188.3s]   UN형(UN_GHS/K_REACH/US_OSHA) [nan0  ] CT_권고   n=1044 p=0.683 AUC=0.6858±0.0071 MCC=0.237 Δ(CT)=+0.0114
[  198.2s]   UN형(UN_GHS/K_REACH/US_OSHA) [native] CT_A0   n=1044 p=0.683 AUC=0.6678±0.0108 MCC=0.225
[  208.3s]   UN형(UN_GHS/K_REACH/US_OSHA) [native] CT_권고   n=1044 p=0.683 AUC=0.6744±0.0097 MCC=0.243 Δ(CT)=+0.0067
[  217.6s]   EU형(EU_CLP)                [nan0  ] CT_A0   n=1044 p=0.370 AUC=0.7423±0.0049 MCC=0.400
[  226.6s]   EU형(EU_CLP)                [nan0  ] CT_권고   n=1044 p=0.370 AUC=0.7577±0.0034 MCC=0.417 Δ(CT)=+0.0154
[  236.3s]   EU형(EU_CLP)                [native] CT_A0   n=1044 p=0.370 AUC=0.7505±0.0049 MCC=0.399
[  246.0s]   EU형(EU_CLP)                [native] CT_권고   n=1044 p=0.370 AUC=0.7656±0.0026 MCC=0.431 Δ(CT)=+0.0151
[  246.0s] → /Users/팀원B/Desktop/260830/04_모델산출물/v6_jurisdiction/negrec마스크_성능영향.csv
[  246.0s] 레지스트리 보정 — EPA IV 행을 4 관할 전부 기록 (68행, 기존 64행 값 일치 확인)
[  246.0s] ==================================================================
[  246.0s] 수동검토/최종판단 작업파일 생성
[  246.1s] C 목록 448행 (눈 109) — URL 보유 199 / 로컬문서 보유 5
[  246.4s] → /Users/팀원B/Desktop/260830/04_모델산출물/v6_수동검토/수동검토_최종판단_작업파일.xlsx (+ CSV 4종)
[  246.4s] 완료
