[    0.0s] === 설계 결함 정리 단계별 성능 비용 ===
[    0.0s] 대표 조건 고정: 관할 K_REACH · 결측규약 native_복원 · CT_권고 · 임계값 0.5
[   16.1s] CT A0 == 디스크 / 커버리지 == 검증값 — 전처리 드리프트 없음
[   16.1s] 결측 복원 대상: ['f_pct_surf_total', 'f_surf_anionic_nonionic'] × 조성미상 281행 = 562셀 (native_복원 규약에만 적용)
[   16.1s] 중복 4쌍 값 동일성 재확인 완료: ct_eye_ord=f_ct_eye_ord · ct_skin_ord=f_ct_skin_ord · ct_sens_ord=f_ct_sens_ord · f_pct_active=f_pct_active_presumed
[   16.1s] ct_not_applicable 값분포 {0.0: 1649, 1.0: 26} · 최빈 98.45%
[   16.1s] 감작 CT 7열: ['ct_sens_ord', 'f_ct_sens_add', 'f_ct_sens_cat_1', 'f_ct_sens_cat_NC', 'f_ct_sens_cat___NA__', 'f_ct_sens_ord', 'f_ct_sens_s1']
[   25.9s]   eye  ① v6_원본        221열 AUC=0.6752±0.0090 PR=0.8058 MCC=0.2455 BA=0.6038 재현율=0.875 특이도=0.333
[   35.4s]   eye  ② 중복4쌍정리       217열 AUC=0.6753±0.0104 PR=0.8066 MCC=0.2322 BA=0.5980 재현율=0.872 특이도=0.325
[   45.0s]   eye  ③ +죽은열제외       216열 AUC=0.6758±0.0082 PR=0.8073 MCC=0.2377 BA=0.6009 재현율=0.871 특이도=0.331
[   55.2s]   eye  ④ +감작CT제외      210열 AUC=0.6770±0.0116 PR=0.8069 MCC=0.2493 BA=0.6052 재현율=0.876 특이도=0.335
[   65.7s]   skin ① v6_원본        221열 AUC=0.7726±0.0041 PR=0.6538 MCC=0.3900 BA=0.6858 재현율=0.529 특이도=0.842
[   75.8s]   skin ② 중복4쌍정리       217열 AUC=0.7748±0.0036 PR=0.6572 MCC=0.3921 BA=0.6861 재현율=0.526 특이도=0.846
[   85.9s]   skin ③ +죽은열제외       216열 AUC=0.7735±0.0069 PR=0.6549 MCC=0.3962 BA=0.6877 재현율=0.526 특이도=0.849
[   96.2s]   skin ④ +감작CT제외      210열 AUC=0.7743±0.0045 PR=0.6572 MCC=0.4054 BA=0.6926 재현율=0.535 특이도=0.850
[   96.2s] --- 단계별 증분 (직전 단계 대비) ---
[   96.2s] 판정 36건 중 잡음 범위 36건 · 범위 밖 0건
[   96.2s] --- 최종 (① v6_원본 vs ④ 전부정리) ---
[   96.2s]   eye  roc_auc     0.6752 → 0.6770 차이=+0.0018 (잡음폭 ±0.0206) → 잡음 범위
[   96.2s]   eye  pr_auc      0.8058 → 0.8069 차이=+0.0011 (잡음폭 ±0.0161) → 잡음 범위
[   96.2s]   eye  MCC         0.2455 → 0.2493 차이=+0.0038 (잡음폭 ±0.0302) → 잡음 범위
[   96.2s]   eye  BA          0.6038 → 0.6052 차이=+0.0014 (잡음폭 ±0.0148) → 잡음 범위
[   96.2s]   eye  recall      0.8746 → 0.8757 차이=+0.0011 (잡음폭 ±0.0151) → 잡음 범위
[   96.2s]   eye  specificity 0.3329 → 0.3347 차이=+0.0018 (잡음폭 ±0.0353) → 잡음 범위
[   96.2s]   skin roc_auc     0.7726 → 0.7743 차이=+0.0017 (잡음폭 ±0.0086) → 잡음 범위
[   96.2s]   skin pr_auc      0.6538 → 0.6572 차이=+0.0034 (잡음폭 ±0.0125) → 잡음 범위
[   96.2s]   skin MCC         0.3900 → 0.4054 차이=+0.0154 (잡음폭 ±0.0316) → 잡음 범위
[   96.2s]   skin BA          0.6858 → 0.6926 차이=+0.0068 (잡음폭 ±0.0165) → 잡음 범위
[   96.2s]   skin recall      0.5292 → 0.5354 차이=+0.0062 (잡음폭 ±0.0329) → 잡음 범위
[   96.2s]   skin specificity 0.8424 → 0.8498 차이=+0.0074 (잡음폭 ±0.0145) → 잡음 범위
[   96.2s] 완료 → /Users/hanseoyun/Desktop/신작물보호제/04_모델산출물/v8_피처정리/피처정리_대조.csv · 피처정리_판정.csv · 피처정리_최종대조.csv
