[    0.0s] === 성분 GHS 조사 검수 ===
[    8.8s] 조사 결과 455종 · 조회상태 {'성공': 297, 'CID없음': 158}
[    8.8s] --- C2 값 어휘 정합 ---
[    8.8s]   eye  값 ['1', '2A', 'NC'] — 전부 허용 어휘 안
[    8.8s]   skin 값 ['1', '2', 'NC'] — 전부 허용 어휘 안
[    8.8s] --- C3 결측 사유 완결성 ---
[    8.8s]   eye  조회 실패행에서 값 유도 없음
[    8.8s]   skin 조회 실패행에서 값 유도 없음
[    8.8s]   C2·C3 위반 없음
[    8.8s] --- C4 NC 근거 강도 ---
[    8.8s]   eye  NC 160종 = 명시 12 + 무코드추론 148 + 과반미달 0 · 근거 {'NC_tier2_ECHA_CL_무코드': 148, 'NC_tier2_명시_미분류': 12}
[    8.8s]   [경미] C4 NC추론비중 — eye NC 의 148/160 가 추론이다. ECHA 10% 표시 하한 때문에 소수 신고 유해성을 배제하지 못한다 — 하류 배제 가능하게 근거를 남겼다
[    8.8s]   skin NC 179종 = 명시 13 + 무코드추론 166 + 과반미달 0 · 근거 {'NC_tier2_ECHA_CL_무코드': 166, 'NC_tier2_명시_미분류': 13}
[    8.8s]   [경미] C4 NC추론비중 — skin NC 의 166/179 가 추론이다. ECHA 10% 표시 하한 때문에 소수 신고 유해성을 배제하지 못한다 — 하류 배제 가능하게 근거를 남겼다
[    8.8s] --- C5 CID 매칭 오염 ---
[    8.8s]   성공 297종 · 동일성등급 {'CAS_동의어일치': 221, '이름_동의어일치': 63, '보류_혼합물명': 8, '보류_다중CID': 5}
[    8.8s]   보류 13종 / 성분행 18 — 값 대신 `*_보류값` 에만 남았다
[    8.8s]   혼합물명 보류 8종 / 성분행 10 — UVCB·정유·석유유분·중합체는 CID 하나로 대표할 수 없다. CAS 동의어 대조는 이것을 통과시킨다(실측 3 건)
[    8.8s]   [중대] C5 이름경로 — 63종을 CAS 없이 이름으로 찾았다(성분행 73). 동의어 일치는 통과했지만 클래스명·잘린 이름도 동의어로 등재돼 있어 충분조건이 아니다 — C1 등급별 정확도로 판단한다
[    8.8s] --- C6 교차출처 불일치 (비EU 출처와의 어긋남) ---
[    8.8s]   eye  56/175 (32.0%) · 그중 채택값이 NC 인 것 39 (성분행 101) · 채택값이 유해인 것 17
[    8.8s]   [경미] C6 교차불일치 — eye 값의 32% 가 비EU 출처와 어긋난다. 결함은 아니지만(기준은 EU CLP) EU 기준 선택이 결과를 크게 좌우한다는 뜻이다
[    8.8s]   [중대] C6 NC편향_불일치 — eye 비EU 출처와의 불일치 56건 중 39건은 이 조사가 `NC`(무해)를 채택한 건이다 — 비EU 출처는 유해라고 한다. EU 관할 선택의 결과이긴 하지만 방향이 한쪽이므로 가산합이 계통적으로 낮아진다. 성분행 101
[    8.8s]   skin 47/177 (26.6%) · 그중 채택값이 NC 인 것 32 (성분행 66) · 채택값이 유해인 것 15
[    8.8s]   [중대] C6 NC편향_불일치 — skin 비EU 출처와의 불일치 47건 중 32건은 이 조사가 `NC`(무해)를 채택한 건이다 — 비EU 출처는 유해라고 한다. EU 관할 선택의 결과이긴 하지만 방향이 한쪽이므로 가산합이 계통적으로 낮아진다. 성분행 66
[    8.8s] --- C8 캐시 원문 재판독 (기록된 값이 원문에서 다시 나오는가) ---
[    9.0s]   대상 297종 · 재판독 불일치 0건
[    9.0s]   기록값 전부가 캐시 원문에서 같게 재현된다
[    9.0s] --- C7 커버리지 개선 실측 ---
[    9.0s]   eye  신규로 가산식에 들어가는 성분행 +465
[    9.0s]   skin 신규로 가산식에 들어가는 성분행 +493
[    9.0s]   eye  평균 성분커버리지 0.4126 → 0.4950 · 커버리지≥0.75 제형 356 → 491 · 커버리지=0 제형 515 → 398
[    9.0s]   skin 평균 성분커버리지 0.4132 → 0.4992 · 커버리지≥0.75 제형 357 → 501 · 커버리지=0 제형 514 → 396
[    9.0s] --- C1 기존값 대조 (조사 경로가 기존 데이터를 재현하는가) ---
[    9.1s]   eye  [결함정답 제외] annex_vi 유래 NC 154종 — 앞판 결함의 산물이라 정답으로 쓰지 않는다
[    9.1s]   eye  [MSDS유래] n=99 일치율 98.0% · 과대 1 · 과소 1 (독립 정확도 검정)
[    9.1s]     └ CAS_동의어일치      n=88 일치율 97.7%
[    9.1s]     └ 이름_동의어일치       n=11 일치율 100.0%
[    9.1s]   eye  [독립조사유래] n=83 일치율 97.6% · 과대 0 · 과소 2 (순환 — 재현성만)
[    9.1s]     └ CAS_동의어일치      n=82 일치율 97.6%
[    9.1s]     └ 이름_동의어일치       n=1 일치율 100.0%  ← 표본 부족, 인용 금지
[    9.1s]   skin [결함정답 제외] annex_vi 유래 NC 183종 — 앞판 결함의 산물이라 정답으로 쓰지 않는다
[    9.1s]   skin [MSDS유래] n=104 일치율 100.0% · 과대 0 · 과소 0 (독립 정확도 검정)
[    9.1s]     └ CAS_동의어일치      n=91 일치율 100.0%
[    9.1s]     └ 이름_동의어일치       n=13 일치율 100.0%
[    9.1s]   skin [독립조사유래] n=55 일치율 98.2% · 과대 0 · 과소 1 (순환 — 재현성만)
[    9.1s]     └ CAS_동의어일치      n=54 일치율 98.2%
[    9.1s]     └ 이름_동의어일치       n=1 일치율 100.0%  ← 표본 부족, 인용 금지
[    9.1s] --- 종합 ---
[    9.1s] 치명 0 · 중대 3 · 경미 3 → **조건부 — 중대 결함 해소 필요**
[    9.1s] 완료 → 04_모델산출물/v8_성분조사/검수_판정.csv · 검수요약.json
