[    0.0s] === 기존 성분 MSDS 선언값 검수 ===
[   10.8s] --- M6 결측 구조 ---
[   10.8s]   eye  MSDS 선언값 1223 · 독립조사값 1355 · 둘 다 없음 2709 / 5287 성분행 · 가산식 가용 2093
[   10.8s]   skin MSDS 선언값 1224 · 독립조사값 1355 · 둘 다 없음 2708 / 5287 성분행 · 가산식 가용 2094
[   10.8s] --- M7 독립조사 칸(`indep`)의 `annex_vi` + `NC` ---
[   10.8s]   eye  tier     annex_vi 1144 중 NC 892 · echa_cl 211 중 NC 0
[   10.8s]   eye  src      annex_vi 1050 중 NC 693 · echa_cl 305 중 NC 199
[   10.8s]   [중대] M7 indep_부재를NC — eye 독립조사 칸의 v6 기존 행 중 tier 가 `annex_vi` 인데 구분이 `NC` 인 것: `_tier` 892/1144(78%) · `_tier_src` 693/1050. Annex VI 는 부분 조화 목록이라 부재가 무해를 뜻하지 않으므로 이 조합은 **부재를 NC 로 읽은 것**의 서명이다(`collect_ing_ghs.decide()` 가 반증까지 붙여 금지하는 추론). 두 열이 다른 것도 함께 남는다 — `_tier` 의 `echa_cl` 에는 `NC` 가 0건뿐인데 `_tier_src` 에는 199건이다. 영향: 조사 검수 C1 은 이 층을 `순환 대조` 로 표시해 정확도 산정에서 이미 배제하므로(`audit_ing_ghs_survey.py:330, 407-409`) 그쪽 영향은 없다. 실질 영향은 ① `A0채움_tier표기_annexvi` arm — 채움의 대부분이 이 행들이라 그 arm 을 '근거가 가장 강한 것' 으로 읽으면 안 된다 ② 이 칸의 `NC` 를 '조화분류가 확정한 무해' 로 인용하는 모든 자리다
[   10.8s]   skin tier     annex_vi 1248 중 NC 1069 · echa_cl 107 중 NC 0
[   10.8s]   skin src      annex_vi 1050 중 NC 839 · echa_cl 305 중 NC 230
[   10.8s]   [중대] M7 indep_부재를NC — skin 독립조사 칸의 v6 기존 행 중 tier 가 `annex_vi` 인데 구분이 `NC` 인 것: `_tier` 1069/1248(86%) · `_tier_src` 839/1050. Annex VI 는 부분 조화 목록이라 부재가 무해를 뜻하지 않으므로 이 조합은 **부재를 NC 로 읽은 것**의 서명이다(`collect_ing_ghs.decide()` 가 반증까지 붙여 금지하는 추론). 두 열이 다른 것도 함께 남는다 — `_tier` 의 `echa_cl` 에는 `NC` 가 0건뿐인데 `_tier_src` 에는 230건이다. 영향: 조사 검수 C1 은 이 층을 `순환 대조` 로 표시해 정확도 산정에서 이미 배제하므로(`audit_ing_ghs_survey.py:330, 407-409`) 그쪽 영향은 없다. 실질 영향은 ① `A0채움_tier표기_annexvi` arm — 채움의 대부분이 이 행들이라 그 arm 을 '근거가 가장 강한 것' 으로 읽으면 안 된다 ② 이 칸의 `NC` 를 '조화분류가 확정한 무해' 로 인용하는 모든 자리다
[   10.8s] --- M5 어휘 위반 (가산식이 실제로 받는가) ---
[   10.8s]   eye  고유값 ['1', '2', '2A', '2B', 'NC']
[   10.8s]   [경미] M5 eye맨2 — eye 맨 `2` 2 성분행 — 2A/2B 구분이 없다. `CAT2` 에는 들어가므로 가산식은 받지만, 관할 스위치(2B 를 분류로 보는가)가 적용되지 않는다. 규약 §5 미결 항목이다
[   10.9s]   skin 고유값 ['1', '1A', '1B', '2', 'NC']
[   10.9s] --- M4 같은 물질 안의 자기모순 (외부 대조 없이 나오는 증거) ---
[   10.9s]   eye  값 보유 고유물질 172종 중 같은 물질이 서로 다르게 선언된 것 0종(성분행 0) · 그중 **심각도까지 다른** 것 0종(성분행 0) · 하위구분 미지정 차이 0종(성분행 0)
[   10.9s]   skin 값 보유 고유물질 173종 중 같은 물질이 서로 다르게 선언된 것 2종(성분행 21) · 그중 **심각도까지 다른** 것 0종(성분행 0) · 하위구분 미지정 차이 1종(성분행 12)
[   10.9s] --- M1 대조 커버리지 · M2 불일치 방향 · M3 조화분류 위반 ---
[   10.9s]   eye  [M1] MSDS 값 보유 172종 중 규제 DB 대조 성공 99종 (전체 57.6%) · 미대조 = 표본미포함 44종 + DB미등재 29종 · 표본 안 커버리지 77.3%
[   10.9s]   eye  [M2] 일치 96/99 (97.0%) · MSDS 가 낮음 1(성분행 8) · 높음 1 · 하위구분 미지정 차이 1(성분행 1) — 방향 판정 제외
[   10.9s]   eye  [M3] tier1 조화분류 대조 25종 중 MSDS 가 낮은 것 1종(성분행 8)
[   10.9s]   eye  [M2b] 동일성 보류로 대조에서 빠진 물질 2종 중 MSDS 와 심각도가 다른 것 1종 — `방향=대조보류` 로 목록에만 싣는다
[   10.9s]   [중대] M3 조화분류위반 — eye CLP Annex VI 조화분류가 있는 25종 중 1종(성분행 8)의 MSDS 선언값이 조화분류보다 **낮다**. 조화분류는 EU 안에서 공급자가 낮출 수 없으므로 관할 차이로 설명되지 않는다 — `검수_MSDS값_불일치.csv` 의 `조화분류_위반` 열 참조
[   10.9s]   skin [M1] MSDS 값 보유 173종 중 규제 DB 대조 성공 104종 (전체 60.1%) · 미대조 = 표본미포함 45종 + DB미등재 24종 · 표본 안 커버리지 81.2%
[   10.9s]   skin [M2] 일치 103/104 (99.0%) · MSDS 가 낮음 0(성분행 0) · 높음 0 · 하위구분 미지정 차이 1(성분행 7) — 방향 판정 제외
[   10.9s]   skin [M3] tier1 조화분류 대조 22종 중 MSDS 가 낮은 것 0종(성분행 0)
[   10.9s]   skin [M2b] 동일성 보류로 대조에서 빠진 물질 2종 중 MSDS 와 심각도가 다른 것 0종 — `방향=대조보류` 로 목록에만 싣는다
[   10.9s] --- 종합 ---
[   10.9s] 치명 0 · 중대 3 · 경미 1 → **조건부 — 중대 결함 해소 필요**
[   10.9s] 완료 → 04_모델산출물/v8_성분조사/검수_MSDS값_판정.csv
