[    0.0s] === 성분 GHS 구분 조사 (CLP Annex VI → ECHA C&L) ===
[    0.0s] tier1 'Regulation (EC) No 1272/2008…' → tier2 'European Chemicals Agency (ECHA)' (합의율 ≥50.0%) · 네트워크 미사용
[   14.9s] [대조군 모드] 기존값 보유 성분행 2093 에서 상위 400종 조사
[   15.0s] 조사 대상 성분행 2093 → 고유 397종 (비화학 토큰 0행 / 0종, 문장·표 조각 0행 / 0종 제외)
[   15.0s] [대조군 층화] CAS 키 385종 + 이름 키 12종 = 397종 (경로별 정확도를 각각 재려면 층마다 표본이 필요하다)
[   15.0s] 조사 착수 397종 (성분행 2093)
[   15.0s]   [25/397] 값확보 24종 · 실패 0종
[   15.1s]   [50/397] 값확보 49종 · 실패 0종
[   15.1s]   [75/397] 값확보 72종 · 실패 0종
[   15.1s]   [100/397] 값확보 93종 · 실패 0종
[   15.2s]   [125/397] 값확보 116종 · 실패 0종
[   15.2s]   [150/397] 값확보 141종 · 실패 0종
[   15.2s]   [175/397] 값확보 164종 · 실패 0종
[   15.2s]   [200/397] 값확보 185종 · 실패 0종
[   15.3s]   [225/397] 값확보 210종 · 실패 0종
[   15.3s]   [250/397] 값확보 234종 · 실패 0종
[   15.3s]   [275/397] 값확보 255종 · 실패 0종
[   15.4s]   [300/397] 값확보 277종 · 실패 0종
[   15.4s]   [325/397] 값확보 298종 · 실패 0종
[   15.4s]   [350/397] 값확보 320종 · 실패 0종
[   15.5s]   [375/397] 값확보 339종 · 실패 0종
[   15.5s]   [397/397] 값확보 359종 · 실패 0종
[   15.5s] --- 조사 요약 ---
[   15.5s]   eye  구분확보  336종 / 성분행  1833 · tier {'tier2_ECHA_CL': 256, 'tier1_AnnexVI': 80} · NC 207(tier2유래 198) · 교차불일치 88/277
[   15.5s]   skin 구분확보  342종 / 성분행  1893 · tier {'tier2_ECHA_CL': 283, 'tier1_AnnexVI': 59} · NC 248(tier2유래 238) · 교차불일치 52/280
[   15.5s]     PubChem 미등재 8종 — 재시도로 해결되지 않는다(UVCB·석유유분·점토 등 단일 화합물이 아닌 물질)
[   15.5s] 완료 → 04_모델산출물/v8_성분조사/성분GHS_대조조사.csv · 조사요약_대조군.json
[   15.5s] 주의 — 학습에 반영하기 전에 검수(자동 정합 대조)를 통과해야 한다.
