[    0.0s] === L2 노선 누출 감사 ===
[    0.0s] 대표 관할 EU_CLP · 규약 §4
[    0.1s] --- 감사 A: 피처·라벨 문서 출처 대조 ---
[    0.1s]   eye  ntp_measured   [문서독립          ] n= 608 유병률=0.1908
[    0.1s]   eye  phase1_sds     [문서공유_분류절      ] n=  22 유병률=0.1818
[    0.1s]   eye  sds_2nd        [문서공유_분류절      ] n= 127 유병률=0.7165
[    0.1s]   eye  sds_2nd_sec11  [문서공유_11절      ] n= 106 유병률=0.1981
[    0.1s]   eye  sds_v1         [문서공유_분류절      ] n= 181 유병률=0.8508
[    0.1s]   eye  층 문서독립           n= 608 유병률=0.1908  → 부분집합 마스크 산출
[    0.1s]   eye  층 문서공유_분류절       n= 330 유병률=0.7545  → 부분집합 마스크 산출
[    0.1s]   eye  층 문서공유_11절       n= 106 유병률=0.1981  → 부분집합 마스크 산출
[    0.1s]   skin ntp_measured   [문서독립          ] n= 544 유병률=0.1838
[    0.1s]   skin phase1_sds     [문서공유_분류절      ] n=  21 유병률=0.2381
[    0.1s]   skin sds_2nd        [문서공유_분류절      ] n= 115 유병률=0.7826
[    0.1s]   skin sds_2nd_sec11  [문서공유_11절      ] n=  94 유병률=0.1489
[    0.1s]   skin sds_v1         [문서공유_분류절      ] n= 285 유병률=0.5158
[    0.1s]   skin 층 문서독립           n= 544 유병률=0.1838  → 부분집합 마스크 산출
[    0.1s]   skin 층 문서공유_분류절       n= 421 유병률=0.5748  → 부분집합 마스크 산출
[    0.1s]   skin 층 문서공유_11절       n=  94 유병률=0.1489  → 부분집합 마스크 산출
[    0.1s]   eye  L1 열=  52 문서공유위험행= 436 (41.8%) 전열결측=  0
[    0.1s]   eye  L2 열=  42 문서공유위험행=   0 (0.0%) 전열결측=  0
[    0.1s]   eye  L3 열=  98 문서공유위험행=   0 (0.0%) 전열결측=125
[    0.1s]   skin L1 열=  52 문서공유위험행= 515 (48.6%) 전열결측=  0
[    0.1s]   skin L2 열=  42 문서공유위험행=   0 (0.0%) 전열결측=  0
[    0.1s]   skin L3 열=  98 문서공유위험행=   0 (0.0%) 전열결측=163
[    0.1s] --- 감사 A-2: 결측 패턴이 라벨 출처 층의 대리변수인지 ---
[    0.1s]   eye  L1 결측률 문서독립=0.207 문서공유_분류절=0.225 문서공유_11절=0.216 최대차=0.018 → 저위험 — 층간 차이가 작다
[    0.1s]   eye  L2 결측률 문서독립=0.216 문서공유_분류절=0.296 문서공유_11절=0.285 최대차=0.081 → 중위험 — 층간 차이가 있다
[    0.1s]   eye  L3 결측률 문서독립=0.017 문서공유_분류절=0.334 문서공유_11절=0.146 최대차=0.317 → 고위험 — 결측 패턴만으로 층을 상당히 식별할 수 있다
[    0.1s]   eye  층별 유병률 문서독립=0.191 문서공유_분류절=0.755 문서공유_11절=0.198 ← 층간 격차가 크면 층 식별이 곧 라벨 예측이 된다
[    0.1s]   skin L1 결측률 문서독립=0.208 문서공유_분류절=0.226 문서공유_11절=0.215 최대차=0.018 → 저위험 — 층간 차이가 작다
[    0.1s]   skin L2 결측률 문서독립=0.192 문서공유_분류절=0.312 문서공유_11절=0.297 최대차=0.121 → 중위험 — 층간 차이가 있다
[    0.1s]   skin L3 결측률 문서독립=0.014 문서공유_분류절=0.359 문서공유_11절=0.163 최대차=0.345 → 고위험 — 결측 패턴만으로 층을 상당히 식별할 수 있다
[    0.1s]   skin 층별 유병률 문서독립=0.184 문서공유_분류절=0.575 문서공유_11절=0.149 ← 층간 격차가 크면 층 식별이 곧 라벨 예측이 된다
[    0.1s]   금지 피처 54열이 모든 arm 에서 배제됨 — 확인
[    0.1s] --- 감사 B: CT 규칙 단독의 라벨 재현 ---
[   10.2s]   A0_base            eye  행커버리지=0.444 성분커버리지=0.497 규칙판정행 n= 464 재현율=0.4452 MCC=0.3688 | 성분커버리지>=0.75 n=94 MCC=0.5157
[   10.2s]   A0_base            skin 행커버리지=0.435 성분커버리지=0.508 규칙판정행 n= 461 재현율=0.3043 MCC=0.2068 | 성분커버리지>=0.75 n=97 MCC=0.3791
[   11.6s]   A2_aug_nc_unknown  eye  행커버리지=0.581 성분커버리지=0.559 규칙판정행 n= 607 재현율=0.6207 MCC=0.3654 | 성분커버리지>=0.75 n=164 MCC=0.4217
[   11.6s]   A2_aug_nc_unknown  skin 행커버리지=0.521 성분커버리지=0.545 규칙판정행 n= 552 재현율=0.4921 MCC=0.3208 | 성분커버리지>=0.75 n=132 MCC=0.4606
[   11.6s] --- 감사 B-2: CT 입력 성분 구분의 출처 ---
[   11.6s]   ing_ghs_src: {nan: 4022, 'phase1_cas_global': 986, 'phase1_row': 164, 'phase1_name_global': 115}
[   11.6s]   ing_ghs_src_url: {'pubchem.ncbi.nlm.nih.gov': 1209, 'ultrainternational.com': 20, 'www.chemblink.com': 15, 'corecheminc.com': 12, 'direct.hpc-j.co.jp': 7, 'hermitageoils.com': 1}
[   11.6s]   ing_ghs_indep_eye_tier: {nan: 3932, 'annex_vi': 1144, 'echa_cl': 211}
[   11.6s]   ing_ghs_indep_eye_tier_src: {nan: 3932, 'annex_vi': 1050, 'echa_cl': 305}
[   11.6s]   ing_ghs_indep_skin_tier: {nan: 3932, 'annex_vi': 1248, 'echa_cl': 107}
[   11.6s]   ing_ghs_indep_skin_tier_src: {nan: 3932, 'annex_vi': 1050, 'echa_cl': 305}
[   11.6s]   phase1_row 164행 → 도메인 {'pubchem.ncbi.nlm.nih.gov': 153, 'www.chemblink.com': 6, 'corecheminc.com': 2, 'www.chemicalbook.com': 1, 'direct.hpc-j.co.jp': 1, 'ultrainternational.com': 1}
[   11.6s]   출처 URL 도메인: 공공DB 1209행 / 공급사 등 56행 ['ultrainternational.com', 'www.chemblink.com', 'corecheminc.com', 'direct.hpc-j.co.jp', 'hermitageoils.com', 'www.chemicalbook.com']
[   11.6s]   eye tier vs tier_src 불일치 304/1355
[   11.7s]   skin tier vs tier_src 불일치 262/1355
[   11.7s] 완료 → 04_모델산출물/v8_누출감사/ (감사 A·B·B2 csv, 부분집합마스크.npz, 요약.json)
